18:21:39 **** Incremental Build of configuration Debug for project projet_OSTR ****
make all 
arm-none-eabi-size   projet_OSTR.elf 
   text	   data	    bss	    dec	    hex	filename
  28184	     32	  15352	  43568	   aa30	projet_OSTR.elf
Finished building: default.size.stdout
 
18:37:33 **** Incremental Build of configuration Debug for project projet_OSTR ****
make all 
arm-none-eabi-gcc "../bsp/src/bsp.c" -mcpu=cortex-m0 -std=gnu11 -g3 -DSTM32F072xB -c -I"P:/MEA4/OSTR/workspace_OSTR/projet_OSTR/app/inc" -I"P:/MEA4/OSTR/workspace_OSTR/projet_OSTR/bsp/inc" -I"P:/MEA4/OSTR/workspace_OSTR/projet_OSTR/cmsis/core" -I"P:/MEA4/OSTR/workspace_OSTR/projet_OSTR/cmsis/device/inc" -I"P:/MEA4/OSTR/workspace_OSTR/projet_OSTR/FreeRTOS/include" -I"P:/MEA4/OSTR/workspace_OSTR/projet_OSTR/TraceRecorder/config" -I"P:/MEA4/OSTR/workspace_OSTR/projet_OSTR/FreeRTOS/portable/GCC/ARM_CM0" -I"P:/MEA4/OSTR/workspace_OSTR/projet_OSTR/TraceRecorder/streamports/Jlink_RTT/include" -I"P:/MEA4/OSTR/workspace_OSTR/projet_OSTR/TraceRecorder/include" -O0 -ffunction-sections -fdata-sections -Wall -fstack-usage -MMD -MP -MF"bsp/src/bsp.d" -MT"bsp/src/bsp.o" --specs=nano.specs -mfloat-abi=soft -mthumb -o "bsp/src/bsp.o"
arm-none-eabi-gcc "../bsp/src/factory_io.c" -mcpu=cortex-m0 -std=gnu11 -g3 -DSTM32F072xB -c -I"P:/MEA4/OSTR/workspace_OSTR/projet_OSTR/app/inc" -I"P:/MEA4/OSTR/workspace_OSTR/projet_OSTR/bsp/inc" -I"P:/MEA4/OSTR/workspace_OSTR/projet_OSTR/cmsis/core" -I"P:/MEA4/OSTR/workspace_OSTR/projet_OSTR/cmsis/device/inc" -I"P:/MEA4/OSTR/workspace_OSTR/projet_OSTR/FreeRTOS/include" -I"P:/MEA4/OSTR/workspace_OSTR/projet_OSTR/TraceRecorder/config" -I"P:/MEA4/OSTR/workspace_OSTR/projet_OSTR/FreeRTOS/portable/GCC/ARM_CM0" -I"P:/MEA4/OSTR/workspace_OSTR/projet_OSTR/TraceRecorder/streamports/Jlink_RTT/include" -I"P:/MEA4/OSTR/workspace_OSTR/projet_OSTR/TraceRecorder/include" -O0 -ffunction-sections -fdata-sections -Wall -fstack-usage -MMD -MP -MF"bsp/src/factory_io.d" -MT"bsp/src/factory_io.o" --specs=nano.specs -mfloat-abi=soft -mthumb -o "bsp/src/factory_io.o"
arm-none-eabi-gcc "../app/src/events.c" -mcpu=cortex-m0 -std=gnu11 -g3 -DSTM32F072xB -c -I"P:/MEA4/OSTR/workspace_OSTR/projet_OSTR/app/inc" -I"P:/MEA4/OSTR/workspace_OSTR/projet_OSTR/bsp/inc" -I"P:/MEA4/OSTR/workspace_OSTR/projet_OSTR/cmsis/core" -I"P:/MEA4/OSTR/workspace_OSTR/projet_OSTR/cmsis/device/inc" -I"P:/MEA4/OSTR/workspace_OSTR/projet_OSTR/FreeRTOS/include" -I"P:/MEA4/OSTR/workspace_OSTR/projet_OSTR/TraceRecorder/config" -I"P:/MEA4/OSTR/workspace_OSTR/projet_OSTR/FreeRTOS/portable/GCC/ARM_CM0" -I"P:/MEA4/OSTR/workspace_OSTR/projet_OSTR/TraceRecorder/streamports/Jlink_RTT/include" -I"P:/MEA4/OSTR/workspace_OSTR/projet_OSTR/TraceRecorder/include" -O0 -ffunction-sections -fdata-sections -Wall -fstack-usage -MMD -MP -MF"app/src/events.d" -MT"app/src/events.o" --specs=nano.specs -mfloat-abi=soft -mthumb -o "app/src/events.o"
arm-none-eabi-gcc "../app/src/main.c" -mcpu=cortex-m0 -std=gnu11 -g3 -DSTM32F072xB -c -I"P:/MEA4/OSTR/workspace_OSTR/projet_OSTR/app/inc" -I"P:/MEA4/OSTR/workspace_OSTR/projet_OSTR/bsp/inc" -I"P:/MEA4/OSTR/workspace_OSTR/projet_OSTR/cmsis/core" -I"P:/MEA4/OSTR/workspace_OSTR/projet_OSTR/cmsis/device/inc" -I"P:/MEA4/OSTR/workspace_OSTR/projet_OSTR/FreeRTOS/include" -I"P:/MEA4/OSTR/workspace_OSTR/projet_OSTR/TraceRecorder/config" -I"P:/MEA4/OSTR/workspace_OSTR/projet_OSTR/FreeRTOS/portable/GCC/ARM_CM0" -I"P:/MEA4/OSTR/workspace_OSTR/projet_OSTR/TraceRecorder/streamports/Jlink_RTT/include" -I"P:/MEA4/OSTR/workspace_OSTR/projet_OSTR/TraceRecorder/include" -O0 -ffunction-sections -fdata-sections -Wall -fstack-usage -MMD -MP -MF"app/src/main.d" -MT"app/src/main.o" --specs=nano.specs -mfloat-abi=soft -mthumb -o "app/src/main.o"
arm-none-eabi-gcc "../app/src/printf-stdarg.c" -mcpu=cortex-m0 -std=gnu11 -g3 -DSTM32F072xB -c -I"P:/MEA4/OSTR/workspace_OSTR/projet_OSTR/app/inc" -I"P:/MEA4/OSTR/workspace_OSTR/projet_OSTR/bsp/inc" -I"P:/MEA4/OSTR/workspace_OSTR/projet_OSTR/cmsis/core" -I"P:/MEA4/OSTR/workspace_OSTR/projet_OSTR/cmsis/device/inc" -I"P:/MEA4/OSTR/workspace_OSTR/projet_OSTR/FreeRTOS/include" -I"P:/MEA4/OSTR/workspace_OSTR/projet_OSTR/TraceRecorder/config" -I"P:/MEA4/OSTR/workspace_OSTR/projet_OSTR/FreeRTOS/portable/GCC/ARM_CM0" -I"P:/MEA4/OSTR/workspace_OSTR/projet_OSTR/TraceRecorder/streamports/Jlink_RTT/include" -I"P:/MEA4/OSTR/workspace_OSTR/projet_OSTR/TraceRecorder/include" -O0 -ffunction-sections -fdata-sections -Wall -fstack-usage -MMD -MP -MF"app/src/printf-stdarg.d" -MT"app/src/printf-stdarg.o" --specs=nano.specs -mfloat-abi=soft -mthumb -o "app/src/printf-stdarg.o"
arm-none-eabi-gcc "../app/src/stm32f0xx_it.c" -mcpu=cortex-m0 -std=gnu11 -g3 -DSTM32F072xB -c -I"P:/MEA4/OSTR/workspace_OSTR/projet_OSTR/app/inc" -I"P:/MEA4/OSTR/workspace_OSTR/projet_OSTR/bsp/inc" -I"P:/MEA4/OSTR/workspace_OSTR/projet_OSTR/cmsis/core" -I"P:/MEA4/OSTR/workspace_OSTR/projet_OSTR/cmsis/device/inc" -I"P:/MEA4/OSTR/workspace_OSTR/projet_OSTR/FreeRTOS/include" -I"P:/MEA4/OSTR/workspace_OSTR/projet_OSTR/TraceRecorder/config" -I"P:/MEA4/OSTR/workspace_OSTR/projet_OSTR/FreeRTOS/portable/GCC/ARM_CM0" -I"P:/MEA4/OSTR/workspace_OSTR/projet_OSTR/TraceRecorder/streamports/Jlink_RTT/include" -I"P:/MEA4/OSTR/workspace_OSTR/projet_OSTR/TraceRecorder/include" -O0 -ffunction-sections -fdata-sections -Wall -fstack-usage -MMD -MP -MF"app/src/stm32f0xx_it.d" -MT"app/src/stm32f0xx_it.o" --specs=nano.specs -mfloat-abi=soft -mthumb -o "app/src/stm32f0xx_it.o"
arm-none-eabi-gcc "../TraceRecorder/streamports/Jlink_RTT/trcStreamingPort.c" -mcpu=cortex-m0 -std=gnu11 -g3 -DSTM32F072xB -c -I"P:/MEA4/OSTR/workspace_OSTR/projet_OSTR/app/inc" -I"P:/MEA4/OSTR/workspace_OSTR/projet_OSTR/bsp/inc" -I"P:/MEA4/OSTR/workspace_OSTR/projet_OSTR/cmsis/core" -I"P:/MEA4/OSTR/workspace_OSTR/projet_OSTR/cmsis/device/inc" -I"P:/MEA4/OSTR/workspace_OSTR/projet_OSTR/FreeRTOS/include" -I"P:/MEA4/OSTR/workspace_OSTR/projet_OSTR/TraceRecorder/config" -I"P:/MEA4/OSTR/workspace_OSTR/projet_OSTR/FreeRTOS/portable/GCC/ARM_CM0" -I"P:/MEA4/OSTR/workspace_OSTR/projet_OSTR/TraceRecorder/streamports/Jlink_RTT/include" -I"P:/MEA4/OSTR/workspace_OSTR/projet_OSTR/TraceRecorder/include" -O0 -ffunction-sections -fdata-sections -Wall -fstack-usage -MMD -MP -MF"TraceRecorder/streamports/Jlink_RTT/trcStreamingPort.d" -MT"TraceRecorder/streamports/Jlink_RTT/trcStreamingPort.o" --specs=nano.specs -mfloat-abi=soft -mthumb -o "TraceRecorder/streamports/Jlink_RTT/trcStreamingPort.o"
arm-none-eabi-gcc "../TraceRecorder/trcKernelPort.c" -mcpu=cortex-m0 -std=gnu11 -g3 -DSTM32F072xB -c -I"P:/MEA4/OSTR/workspace_OSTR/projet_OSTR/app/inc" -I"P:/MEA4/OSTR/workspace_OSTR/projet_OSTR/bsp/inc" -I"P:/MEA4/OSTR/workspace_OSTR/projet_OSTR/cmsis/core" -I"P:/MEA4/OSTR/workspace_OSTR/projet_OSTR/cmsis/device/inc" -I"P:/MEA4/OSTR/workspace_OSTR/projet_OSTR/FreeRTOS/include" -I"P:/MEA4/OSTR/workspace_OSTR/projet_OSTR/TraceRecorder/config" -I"P:/MEA4/OSTR/workspace_OSTR/projet_OSTR/FreeRTOS/portable/GCC/ARM_CM0" -I"P:/MEA4/OSTR/workspace_OSTR/projet_OSTR/TraceRecorder/streamports/Jlink_RTT/include" -I"P:/MEA4/OSTR/workspace_OSTR/projet_OSTR/TraceRecorder/include" -O0 -ffunction-sections -fdata-sections -Wall -fstack-usage -MMD -MP -MF"TraceRecorder/trcKernelPort.d" -MT"TraceRecorder/trcKernelPort.o" --specs=nano.specs -mfloat-abi=soft -mthumb -o "TraceRecorder/trcKernelPort.o"
../TraceRecorder/trcKernelPort.c:320:14: warning: 'pCurrentTCB' defined but not used [-Wunused-variable]
  320 | static void* pCurrentTCB = NULL;
      |              ^~~~~~~~~~~
arm-none-eabi-gcc "../TraceRecorder/trcSnapshotRecorder.c" -mcpu=cortex-m0 -std=gnu11 -g3 -DSTM32F072xB -c -I"P:/MEA4/OSTR/workspace_OSTR/projet_OSTR/app/inc" -I"P:/MEA4/OSTR/workspace_OSTR/projet_OSTR/bsp/inc" -I"P:/MEA4/OSTR/workspace_OSTR/projet_OSTR/cmsis/core" -I"P:/MEA4/OSTR/workspace_OSTR/projet_OSTR/cmsis/device/inc" -I"P:/MEA4/OSTR/workspace_OSTR/projet_OSTR/FreeRTOS/include" -I"P:/MEA4/OSTR/workspace_OSTR/projet_OSTR/TraceRecorder/config" -I"P:/MEA4/OSTR/workspace_OSTR/projet_OSTR/FreeRTOS/portable/GCC/ARM_CM0" -I"P:/MEA4/OSTR/workspace_OSTR/projet_OSTR/TraceRecorder/streamports/Jlink_RTT/include" -I"P:/MEA4/OSTR/workspace_OSTR/projet_OSTR/TraceRecorder/include" -O0 -ffunction-sections -fdata-sections -Wall -fstack-usage -MMD -MP -MF"TraceRecorder/trcSnapshotRecorder.d" -MT"TraceRecorder/trcSnapshotRecorder.o" --specs=nano.specs -mfloat-abi=soft -mthumb -o "TraceRecorder/trcSnapshotRecorder.o"
arm-none-eabi-gcc "../TraceRecorder/trcStreamingRecorder.c" -mcpu=cortex-m0 -std=gnu11 -g3 -DSTM32F072xB -c -I"P:/MEA4/OSTR/workspace_OSTR/projet_OSTR/app/inc" -I"P:/MEA4/OSTR/workspace_OSTR/projet_OSTR/bsp/inc" -I"P:/MEA4/OSTR/workspace_OSTR/projet_OSTR/cmsis/core" -I"P:/MEA4/OSTR/workspace_OSTR/projet_OSTR/cmsis/device/inc" -I"P:/MEA4/OSTR/workspace_OSTR/projet_OSTR/FreeRTOS/include" -I"P:/MEA4/OSTR/workspace_OSTR/projet_OSTR/TraceRecorder/config" -I"P:/MEA4/OSTR/workspace_OSTR/projet_OSTR/FreeRTOS/portable/GCC/ARM_CM0" -I"P:/MEA4/OSTR/workspace_OSTR/projet_OSTR/TraceRecorder/streamports/Jlink_RTT/include" -I"P:/MEA4/OSTR/workspace_OSTR/projet_OSTR/TraceRecorder/include" -O0 -ffunction-sections -fdata-sections -Wall -fstack-usage -MMD -MP -MF"TraceRecorder/trcStreamingRecorder.d" -MT"TraceRecorder/trcStreamingRecorder.o" --specs=nano.specs -mfloat-abi=soft -mthumb -o "TraceRecorder/trcStreamingRecorder.o"
arm-none-eabi-gcc "../FreeRTOS/portable/MemMang/heap_1.c" -mcpu=cortex-m0 -std=gnu11 -g3 -DSTM32F072xB -c -I"P:/MEA4/OSTR/workspace_OSTR/projet_OSTR/app/inc" -I"P:/MEA4/OSTR/workspace_OSTR/projet_OSTR/bsp/inc" -I"P:/MEA4/OSTR/workspace_OSTR/projet_OSTR/cmsis/core" -I"P:/MEA4/OSTR/workspace_OSTR/projet_OSTR/cmsis/device/inc" -I"P:/MEA4/OSTR/workspace_OSTR/projet_OSTR/FreeRTOS/include" -I"P:/MEA4/OSTR/workspace_OSTR/projet_OSTR/TraceRecorder/config" -I"P:/MEA4/OSTR/workspace_OSTR/projet_OSTR/FreeRTOS/portable/GCC/ARM_CM0" -I"P:/MEA4/OSTR/workspace_OSTR/projet_OSTR/TraceRecorder/streamports/Jlink_RTT/include" -I"P:/MEA4/OSTR/workspace_OSTR/projet_OSTR/TraceRecorder/include" -O0 -ffunction-sections -fdata-sections -Wall -fstack-usage -MMD -MP -MF"FreeRTOS/portable/MemMang/heap_1.d" -MT"FreeRTOS/portable/MemMang/heap_1.o" --specs=nano.specs -mfloat-abi=soft -mthumb -o "FreeRTOS/portable/MemMang/heap_1.o"
arm-none-eabi-gcc "../FreeRTOS/portable/GCC/ARM_CM0/port.c" -mcpu=cortex-m0 -std=gnu11 -g3 -DSTM32F072xB -c -I"P:/MEA4/OSTR/workspace_OSTR/projet_OSTR/app/inc" -I"P:/MEA4/OSTR/workspace_OSTR/projet_OSTR/bsp/inc" -I"P:/MEA4/OSTR/workspace_OSTR/projet_OSTR/cmsis/core" -I"P:/MEA4/OSTR/workspace_OSTR/projet_OSTR/cmsis/device/inc" -I"P:/MEA4/OSTR/workspace_OSTR/projet_OSTR/FreeRTOS/include" -I"P:/MEA4/OSTR/workspace_OSTR/projet_OSTR/TraceRecorder/config" -I"P:/MEA4/OSTR/workspace_OSTR/projet_OSTR/FreeRTOS/portable/GCC/ARM_CM0" -I"P:/MEA4/OSTR/workspace_OSTR/projet_OSTR/TraceRecorder/streamports/Jlink_RTT/include" -I"P:/MEA4/OSTR/workspace_OSTR/projet_OSTR/TraceRecorder/include" -O0 -ffunction-sections -fdata-sections -Wall -fstack-usage -MMD -MP -MF"FreeRTOS/portable/GCC/ARM_CM0/port.d" -MT"FreeRTOS/portable/GCC/ARM_CM0/port.o" --specs=nano.specs -mfloat-abi=soft -mthumb -o "FreeRTOS/portable/GCC/ARM_CM0/port.o"
arm-none-eabi-gcc "../FreeRTOS/croutine.c" -mcpu=cortex-m0 -std=gnu11 -g3 -DSTM32F072xB -c -I"P:/MEA4/OSTR/workspace_OSTR/projet_OSTR/app/inc" -I"P:/MEA4/OSTR/workspace_OSTR/projet_OSTR/bsp/inc" -I"P:/MEA4/OSTR/workspace_OSTR/projet_OSTR/cmsis/core" -I"P:/MEA4/OSTR/workspace_OSTR/projet_OSTR/cmsis/device/inc" -I"P:/MEA4/OSTR/workspace_OSTR/projet_OSTR/FreeRTOS/include" -I"P:/MEA4/OSTR/workspace_OSTR/projet_OSTR/TraceRecorder/config" -I"P:/MEA4/OSTR/workspace_OSTR/projet_OSTR/FreeRTOS/portable/GCC/ARM_CM0" -I"P:/MEA4/OSTR/workspace_OSTR/projet_OSTR/TraceRecorder/streamports/Jlink_RTT/include" -I"P:/MEA4/OSTR/workspace_OSTR/projet_OSTR/TraceRecorder/include" -O0 -ffunction-sections -fdata-sections -Wall -fstack-usage -MMD -MP -MF"FreeRTOS/croutine.d" -MT"FreeRTOS/croutine.o" --specs=nano.specs -mfloat-abi=soft -mthumb -o "FreeRTOS/croutine.o"
arm-none-eabi-gcc "../FreeRTOS/event_groups.c" -mcpu=cortex-m0 -std=gnu11 -g3 -DSTM32F072xB -c -I"P:/MEA4/OSTR/workspace_OSTR/projet_OSTR/app/inc" -I"P:/MEA4/OSTR/workspace_OSTR/projet_OSTR/bsp/inc" -I"P:/MEA4/OSTR/workspace_OSTR/projet_OSTR/cmsis/core" -I"P:/MEA4/OSTR/workspace_OSTR/projet_OSTR/cmsis/device/inc" -I"P:/MEA4/OSTR/workspace_OSTR/projet_OSTR/FreeRTOS/include" -I"P:/MEA4/OSTR/workspace_OSTR/projet_OSTR/TraceRecorder/config" -I"P:/MEA4/OSTR/workspace_OSTR/projet_OSTR/FreeRTOS/portable/GCC/ARM_CM0" -I"P:/MEA4/OSTR/workspace_OSTR/projet_OSTR/TraceRecorder/streamports/Jlink_RTT/include" -I"P:/MEA4/OSTR/workspace_OSTR/projet_OSTR/TraceRecorder/include" -O0 -ffunction-sections -fdata-sections -Wall -fstack-usage -MMD -MP -MF"FreeRTOS/event_groups.d" -MT"FreeRTOS/event_groups.o" --specs=nano.specs -mfloat-abi=soft -mthumb -o "FreeRTOS/event_groups.o"
arm-none-eabi-gcc "../FreeRTOS/list.c" -mcpu=cortex-m0 -std=gnu11 -g3 -DSTM32F072xB -c -I"P:/MEA4/OSTR/workspace_OSTR/projet_OSTR/app/inc" -I"P:/MEA4/OSTR/workspace_OSTR/projet_OSTR/bsp/inc" -I"P:/MEA4/OSTR/workspace_OSTR/projet_OSTR/cmsis/core" -I"P:/MEA4/OSTR/workspace_OSTR/projet_OSTR/cmsis/device/inc" -I"P:/MEA4/OSTR/workspace_OSTR/projet_OSTR/FreeRTOS/include" -I"P:/MEA4/OSTR/workspace_OSTR/projet_OSTR/TraceRecorder/config" -I"P:/MEA4/OSTR/workspace_OSTR/projet_OSTR/FreeRTOS/portable/GCC/ARM_CM0" -I"P:/MEA4/OSTR/workspace_OSTR/projet_OSTR/TraceRecorder/streamports/Jlink_RTT/include" -I"P:/MEA4/OSTR/workspace_OSTR/projet_OSTR/TraceRecorder/include" -O0 -ffunction-sections -fdata-sections -Wall -fstack-usage -MMD -MP -MF"FreeRTOS/list.d" -MT"FreeRTOS/list.o" --specs=nano.specs -mfloat-abi=soft -mthumb -o "FreeRTOS/list.o"
arm-none-eabi-gcc "../FreeRTOS/queue.c" -mcpu=cortex-m0 -std=gnu11 -g3 -DSTM32F072xB -c -I"P:/MEA4/OSTR/workspace_OSTR/projet_OSTR/app/inc" -I"P:/MEA4/OSTR/workspace_OSTR/projet_OSTR/bsp/inc" -I"P:/MEA4/OSTR/workspace_OSTR/projet_OSTR/cmsis/core" -I"P:/MEA4/OSTR/workspace_OSTR/projet_OSTR/cmsis/device/inc" -I"P:/MEA4/OSTR/workspace_OSTR/projet_OSTR/FreeRTOS/include" -I"P:/MEA4/OSTR/workspace_OSTR/projet_OSTR/TraceRecorder/config" -I"P:/MEA4/OSTR/workspace_OSTR/projet_OSTR/FreeRTOS/portable/GCC/ARM_CM0" -I"P:/MEA4/OSTR/workspace_OSTR/projet_OSTR/TraceRecorder/streamports/Jlink_RTT/include" -I"P:/MEA4/OSTR/workspace_OSTR/projet_OSTR/TraceRecorder/include" -O0 -ffunction-sections -fdata-sections -Wall -fstack-usage -MMD -MP -MF"FreeRTOS/queue.d" -MT"FreeRTOS/queue.o" --specs=nano.specs -mfloat-abi=soft -mthumb -o "FreeRTOS/queue.o"
arm-none-eabi-gcc "../FreeRTOS/stream_buffer.c" -mcpu=cortex-m0 -std=gnu11 -g3 -DSTM32F072xB -c -I"P:/MEA4/OSTR/workspace_OSTR/projet_OSTR/app/inc" -I"P:/MEA4/OSTR/workspace_OSTR/projet_OSTR/bsp/inc" -I"P:/MEA4/OSTR/workspace_OSTR/projet_OSTR/cmsis/core" -I"P:/MEA4/OSTR/workspace_OSTR/projet_OSTR/cmsis/device/inc" -I"P:/MEA4/OSTR/workspace_OSTR/projet_OSTR/FreeRTOS/include" -I"P:/MEA4/OSTR/workspace_OSTR/projet_OSTR/TraceRecorder/config" -I"P:/MEA4/OSTR/workspace_OSTR/projet_OSTR/FreeRTOS/portable/GCC/ARM_CM0" -I"P:/MEA4/OSTR/workspace_OSTR/projet_OSTR/TraceRecorder/streamports/Jlink_RTT/include" -I"P:/MEA4/OSTR/workspace_OSTR/projet_OSTR/TraceRecorder/include" -O0 -ffunction-sections -fdata-sections -Wall -fstack-usage -MMD -MP -MF"FreeRTOS/stream_buffer.d" -MT"FreeRTOS/stream_buffer.o" --specs=nano.specs -mfloat-abi=soft -mthumb -o "FreeRTOS/stream_buffer.o"
arm-none-eabi-gcc "../FreeRTOS/tasks.c" -mcpu=cortex-m0 -std=gnu11 -g3 -DSTM32F072xB -c -I"P:/MEA4/OSTR/workspace_OSTR/projet_OSTR/app/inc" -I"P:/MEA4/OSTR/workspace_OSTR/projet_OSTR/bsp/inc" -I"P:/MEA4/OSTR/workspace_OSTR/projet_OSTR/cmsis/core" -I"P:/MEA4/OSTR/workspace_OSTR/projet_OSTR/cmsis/device/inc" -I"P:/MEA4/OSTR/workspace_OSTR/projet_OSTR/FreeRTOS/include" -I"P:/MEA4/OSTR/workspace_OSTR/projet_OSTR/TraceRecorder/config" -I"P:/MEA4/OSTR/workspace_OSTR/projet_OSTR/FreeRTOS/portable/GCC/ARM_CM0" -I"P:/MEA4/OSTR/workspace_OSTR/projet_OSTR/TraceRecorder/streamports/Jlink_RTT/include" -I"P:/MEA4/OSTR/workspace_OSTR/projet_OSTR/TraceRecorder/include" -O0 -ffunction-sections -fdata-sections -Wall -fstack-usage -MMD -MP -MF"FreeRTOS/tasks.d" -MT"FreeRTOS/tasks.o" --specs=nano.specs -mfloat-abi=soft -mthumb -o "FreeRTOS/tasks.o"
arm-none-eabi-gcc "../FreeRTOS/timers.c" -mcpu=cortex-m0 -std=gnu11 -g3 -DSTM32F072xB -c -I"P:/MEA4/OSTR/workspace_OSTR/projet_OSTR/app/inc" -I"P:/MEA4/OSTR/workspace_OSTR/projet_OSTR/bsp/inc" -I"P:/MEA4/OSTR/workspace_OSTR/projet_OSTR/cmsis/core" -I"P:/MEA4/OSTR/workspace_OSTR/projet_OSTR/cmsis/device/inc" -I"P:/MEA4/OSTR/workspace_OSTR/projet_OSTR/FreeRTOS/include" -I"P:/MEA4/OSTR/workspace_OSTR/projet_OSTR/TraceRecorder/config" -I"P:/MEA4/OSTR/workspace_OSTR/projet_OSTR/FreeRTOS/portable/GCC/ARM_CM0" -I"P:/MEA4/OSTR/workspace_OSTR/projet_OSTR/TraceRecorder/streamports/Jlink_RTT/include" -I"P:/MEA4/OSTR/workspace_OSTR/projet_OSTR/TraceRecorder/include" -O0 -ffunction-sections -fdata-sections -Wall -fstack-usage -MMD -MP -MF"FreeRTOS/timers.d" -MT"FreeRTOS/timers.o" --specs=nano.specs -mfloat-abi=soft -mthumb -o "FreeRTOS/timers.o"
arm-none-eabi-gcc -o "projet_OSTR.elf" @"objects.list"   -mcpu=cortex-m0 -T"P:\MEA4\OSTR\workspace_OSTR\projet_OSTR\STM32F072RBTx_FLASH.ld" --specs=nosys.specs -Wl,-Map="projet_OSTR.map" -Wl,--gc-sections -static --specs=nano.specs -mfloat-abi=soft -mthumb -Wl,--start-group -lc -lm -Wl,--end-group
Finished building target: projet_OSTR.elf
 
arm-none-eabi-objdump -h -S  projet_OSTR.elf  > "projet_OSTR.list"
Finished building: projet_OSTR.list
 
arm-none-eabi-objcopy  -O binary  projet_OSTR.elf  "projet_OSTR.bin"
Finished building: projet_OSTR.bin
 
arm-none-eabi-size   projet_OSTR.elf 
   text	   data	    bss	    dec	    hex	filename
  28184	     32	  15352	  43568	   aa30	projet_OSTR.elf
Finished building: default.size.stdout
 
18:42:53 **** Incremental Build of configuration Debug for project projet_OSTR ****
make all 
arm-none-eabi-gcc "../bsp/src/bsp.c" -mcpu=cortex-m0 -std=gnu11 -g3 -DSTM32F072xB -c -I"P:/MEA4/OSTR/workspace_OSTR/projet_OSTR/app/inc" -I"P:/MEA4/OSTR/workspace_OSTR/projet_OSTR/bsp/inc" -I"P:/MEA4/OSTR/workspace_OSTR/projet_OSTR/cmsis/core" -I"P:/MEA4/OSTR/workspace_OSTR/projet_OSTR/cmsis/device/inc" -I"P:/MEA4/OSTR/workspace_OSTR/projet_OSTR/FreeRTOS/include" -I"P:/MEA4/OSTR/workspace_OSTR/projet_OSTR/TraceRecorder/config" -I"P:/MEA4/OSTR/workspace_OSTR/projet_OSTR/FreeRTOS/portable/GCC/ARM_CM0" -I"P:/MEA4/OSTR/workspace_OSTR/projet_OSTR/TraceRecorder/streamports/Jlink_RTT/include" -I"P:/MEA4/OSTR/workspace_OSTR/projet_OSTR/TraceRecorder/include" -O0 -ffunction-sections -fdata-sections -Wall -fstack-usage -MMD -MP -MF"bsp/src/bsp.d" -MT"bsp/src/bsp.o" --specs=nano.specs -mfloat-abi=soft -mthumb -o "bsp/src/bsp.o"
arm-none-eabi-gcc "../app/src/main.c" -mcpu=cortex-m0 -std=gnu11 -g3 -DSTM32F072xB -c -I"P:/MEA4/OSTR/workspace_OSTR/projet_OSTR/app/inc" -I"P:/MEA4/OSTR/workspace_OSTR/projet_OSTR/bsp/inc" -I"P:/MEA4/OSTR/workspace_OSTR/projet_OSTR/cmsis/core" -I"P:/MEA4/OSTR/workspace_OSTR/projet_OSTR/cmsis/device/inc" -I"P:/MEA4/OSTR/workspace_OSTR/projet_OSTR/FreeRTOS/include" -I"P:/MEA4/OSTR/workspace_OSTR/projet_OSTR/TraceRecorder/config" -I"P:/MEA4/OSTR/workspace_OSTR/projet_OSTR/FreeRTOS/portable/GCC/ARM_CM0" -I"P:/MEA4/OSTR/workspace_OSTR/projet_OSTR/TraceRecorder/streamports/Jlink_RTT/include" -I"P:/MEA4/OSTR/workspace_OSTR/projet_OSTR/TraceRecorder/include" -O0 -ffunction-sections -fdata-sections -Wall -fstack-usage -MMD -MP -MF"app/src/main.d" -MT"app/src/main.o" --specs=nano.specs -mfloat-abi=soft -mthumb -o "app/src/main.o"
arm-none-eabi-gcc -o "projet_OSTR.elf" @"objects.list"   -mcpu=cortex-m0 -T"P:\MEA4\OSTR\workspace_OSTR\projet_OSTR\STM32F072RBTx_FLASH.ld" --specs=nosys.specs -Wl,-Map="projet_OSTR.map" -Wl,--gc-sections -static --specs=nano.specs -mfloat-abi=soft -mthumb -Wl,--start-group -lc -lm -Wl,--end-group
Finished building target: projet_OSTR.elf
 
arm-none-eabi-objdump -h -S  projet_OSTR.elf  > "projet_OSTR.list"
Finished building: projet_OSTR.list
 
arm-none-eabi-objcopy  -O binary  projet_OSTR.elf  "projet_OSTR.bin"
Finished building: projet_OSTR.bin
 
arm-none-eabi-size   projet_OSTR.elf 
   text	   data	    bss	    dec	    hex	filename
  28184	     32	  15352	  43568	   aa30	projet_OSTR.elf
Finished building: default.size.stdout
 
18:54:56 **** Incremental Build of configuration Debug for project projet_OSTR ****
make all 
arm-none-eabi-gcc "../bsp/src/bsp.c" -mcpu=cortex-m0 -std=gnu11 -g3 -DSTM32F072xB -c -I"P:/MEA4/OSTR/workspace_OSTR/projet_OSTR/app/inc" -I"P:/MEA4/OSTR/workspace_OSTR/projet_OSTR/bsp/inc" -I"P:/MEA4/OSTR/workspace_OSTR/projet_OSTR/cmsis/core" -I"P:/MEA4/OSTR/workspace_OSTR/projet_OSTR/cmsis/device/inc" -I"P:/MEA4/OSTR/workspace_OSTR/projet_OSTR/FreeRTOS/include" -I"P:/MEA4/OSTR/workspace_OSTR/projet_OSTR/TraceRecorder/config" -I"P:/MEA4/OSTR/workspace_OSTR/projet_OSTR/FreeRTOS/portable/GCC/ARM_CM0" -I"P:/MEA4/OSTR/workspace_OSTR/projet_OSTR/TraceRecorder/streamports/Jlink_RTT/include" -I"P:/MEA4/OSTR/workspace_OSTR/projet_OSTR/TraceRecorder/include" -O0 -ffunction-sections -fdata-sections -Wall -fstack-usage -MMD -MP -MF"bsp/src/bsp.d" -MT"bsp/src/bsp.o" --specs=nano.specs -mfloat-abi=soft -mthumb -o "bsp/src/bsp.o"
arm-none-eabi-gcc "../bsp/src/factory_io.c" -mcpu=cortex-m0 -std=gnu11 -g3 -DSTM32F072xB -c -I"P:/MEA4/OSTR/workspace_OSTR/projet_OSTR/app/inc" -I"P:/MEA4/OSTR/workspace_OSTR/projet_OSTR/bsp/inc" -I"P:/MEA4/OSTR/workspace_OSTR/projet_OSTR/cmsis/core" -I"P:/MEA4/OSTR/workspace_OSTR/projet_OSTR/cmsis/device/inc" -I"P:/MEA4/OSTR/workspace_OSTR/projet_OSTR/FreeRTOS/include" -I"P:/MEA4/OSTR/workspace_OSTR/projet_OSTR/TraceRecorder/config" -I"P:/MEA4/OSTR/workspace_OSTR/projet_OSTR/FreeRTOS/portable/GCC/ARM_CM0" -I"P:/MEA4/OSTR/workspace_OSTR/projet_OSTR/TraceRecorder/streamports/Jlink_RTT/include" -I"P:/MEA4/OSTR/workspace_OSTR/projet_OSTR/TraceRecorder/include" -O0 -ffunction-sections -fdata-sections -Wall -fstack-usage -MMD -MP -MF"bsp/src/factory_io.d" -MT"bsp/src/factory_io.o" --specs=nano.specs -mfloat-abi=soft -mthumb -o "bsp/src/factory_io.o"
arm-none-eabi-gcc "../app/src/events.c" -mcpu=cortex-m0 -std=gnu11 -g3 -DSTM32F072xB -c -I"P:/MEA4/OSTR/workspace_OSTR/projet_OSTR/app/inc" -I"P:/MEA4/OSTR/workspace_OSTR/projet_OSTR/bsp/inc" -I"P:/MEA4/OSTR/workspace_OSTR/projet_OSTR/cmsis/core" -I"P:/MEA4/OSTR/workspace_OSTR/projet_OSTR/cmsis/device/inc" -I"P:/MEA4/OSTR/workspace_OSTR/projet_OSTR/FreeRTOS/include" -I"P:/MEA4/OSTR/workspace_OSTR/projet_OSTR/TraceRecorder/config" -I"P:/MEA4/OSTR/workspace_OSTR/projet_OSTR/FreeRTOS/portable/GCC/ARM_CM0" -I"P:/MEA4/OSTR/workspace_OSTR/projet_OSTR/TraceRecorder/streamports/Jlink_RTT/include" -I"P:/MEA4/OSTR/workspace_OSTR/projet_OSTR/TraceRecorder/include" -O0 -ffunction-sections -fdata-sections -Wall -fstack-usage -MMD -MP -MF"app/src/events.d" -MT"app/src/events.o" --specs=nano.specs -mfloat-abi=soft -mthumb -o "app/src/events.o"
arm-none-eabi-gcc "../app/src/main.c" -mcpu=cortex-m0 -std=gnu11 -g3 -DSTM32F072xB -c -I"P:/MEA4/OSTR/workspace_OSTR/projet_OSTR/app/inc" -I"P:/MEA4/OSTR/workspace_OSTR/projet_OSTR/bsp/inc" -I"P:/MEA4/OSTR/workspace_OSTR/projet_OSTR/cmsis/core" -I"P:/MEA4/OSTR/workspace_OSTR/projet_OSTR/cmsis/device/inc" -I"P:/MEA4/OSTR/workspace_OSTR/projet_OSTR/FreeRTOS/include" -I"P:/MEA4/OSTR/workspace_OSTR/projet_OSTR/TraceRecorder/config" -I"P:/MEA4/OSTR/workspace_OSTR/projet_OSTR/FreeRTOS/portable/GCC/ARM_CM0" -I"P:/MEA4/OSTR/workspace_OSTR/projet_OSTR/TraceRecorder/streamports/Jlink_RTT/include" -I"P:/MEA4/OSTR/workspace_OSTR/projet_OSTR/TraceRecorder/include" -O0 -ffunction-sections -fdata-sections -Wall -fstack-usage -MMD -MP -MF"app/src/main.d" -MT"app/src/main.o" --specs=nano.specs -mfloat-abi=soft -mthumb -o "app/src/main.o"
arm-none-eabi-gcc "../app/src/printf-stdarg.c" -mcpu=cortex-m0 -std=gnu11 -g3 -DSTM32F072xB -c -I"P:/MEA4/OSTR/workspace_OSTR/projet_OSTR/app/inc" -I"P:/MEA4/OSTR/workspace_OSTR/projet_OSTR/bsp/inc" -I"P:/MEA4/OSTR/workspace_OSTR/projet_OSTR/cmsis/core" -I"P:/MEA4/OSTR/workspace_OSTR/projet_OSTR/cmsis/device/inc" -I"P:/MEA4/OSTR/workspace_OSTR/projet_OSTR/FreeRTOS/include" -I"P:/MEA4/OSTR/workspace_OSTR/projet_OSTR/TraceRecorder/config" -I"P:/MEA4/OSTR/workspace_OSTR/projet_OSTR/FreeRTOS/portable/GCC/ARM_CM0" -I"P:/MEA4/OSTR/workspace_OSTR/projet_OSTR/TraceRecorder/streamports/Jlink_RTT/include" -I"P:/MEA4/OSTR/workspace_OSTR/projet_OSTR/TraceRecorder/include" -O0 -ffunction-sections -fdata-sections -Wall -fstack-usage -MMD -MP -MF"app/src/printf-stdarg.d" -MT"app/src/printf-stdarg.o" --specs=nano.specs -mfloat-abi=soft -mthumb -o "app/src/printf-stdarg.o"
arm-none-eabi-gcc "../app/src/stm32f0xx_it.c" -mcpu=cortex-m0 -std=gnu11 -g3 -DSTM32F072xB -c -I"P:/MEA4/OSTR/workspace_OSTR/projet_OSTR/app/inc" -I"P:/MEA4/OSTR/workspace_OSTR/projet_OSTR/bsp/inc" -I"P:/MEA4/OSTR/workspace_OSTR/projet_OSTR/cmsis/core" -I"P:/MEA4/OSTR/workspace_OSTR/projet_OSTR/cmsis/device/inc" -I"P:/MEA4/OSTR/workspace_OSTR/projet_OSTR/FreeRTOS/include" -I"P:/MEA4/OSTR/workspace_OSTR/projet_OSTR/TraceRecorder/config" -I"P:/MEA4/OSTR/workspace_OSTR/projet_OSTR/FreeRTOS/portable/GCC/ARM_CM0" -I"P:/MEA4/OSTR/workspace_OSTR/projet_OSTR/TraceRecorder/streamports/Jlink_RTT/include" -I"P:/MEA4/OSTR/workspace_OSTR/projet_OSTR/TraceRecorder/include" -O0 -ffunction-sections -fdata-sections -Wall -fstack-usage -MMD -MP -MF"app/src/stm32f0xx_it.d" -MT"app/src/stm32f0xx_it.o" --specs=nano.specs -mfloat-abi=soft -mthumb -o "app/src/stm32f0xx_it.o"
arm-none-eabi-gcc "../TraceRecorder/streamports/Jlink_RTT/trcStreamingPort.c" -mcpu=cortex-m0 -std=gnu11 -g3 -DSTM32F072xB -c -I"P:/MEA4/OSTR/workspace_OSTR/projet_OSTR/app/inc" -I"P:/MEA4/OSTR/workspace_OSTR/projet_OSTR/bsp/inc" -I"P:/MEA4/OSTR/workspace_OSTR/projet_OSTR/cmsis/core" -I"P:/MEA4/OSTR/workspace_OSTR/projet_OSTR/cmsis/device/inc" -I"P:/MEA4/OSTR/workspace_OSTR/projet_OSTR/FreeRTOS/include" -I"P:/MEA4/OSTR/workspace_OSTR/projet_OSTR/TraceRecorder/config" -I"P:/MEA4/OSTR/workspace_OSTR/projet_OSTR/FreeRTOS/portable/GCC/ARM_CM0" -I"P:/MEA4/OSTR/workspace_OSTR/projet_OSTR/TraceRecorder/streamports/Jlink_RTT/include" -I"P:/MEA4/OSTR/workspace_OSTR/projet_OSTR/TraceRecorder/include" -O0 -ffunction-sections -fdata-sections -Wall -fstack-usage -MMD -MP -MF"TraceRecorder/streamports/Jlink_RTT/trcStreamingPort.d" -MT"TraceRecorder/streamports/Jlink_RTT/trcStreamingPort.o" --specs=nano.specs -mfloat-abi=soft -mthumb -o "TraceRecorder/streamports/Jlink_RTT/trcStreamingPort.o"
arm-none-eabi-gcc "../TraceRecorder/trcKernelPort.c" -mcpu=cortex-m0 -std=gnu11 -g3 -DSTM32F072xB -c -I"P:/MEA4/OSTR/workspace_OSTR/projet_OSTR/app/inc" -I"P:/MEA4/OSTR/workspace_OSTR/projet_OSTR/bsp/inc" -I"P:/MEA4/OSTR/workspace_OSTR/projet_OSTR/cmsis/core" -I"P:/MEA4/OSTR/workspace_OSTR/projet_OSTR/cmsis/device/inc" -I"P:/MEA4/OSTR/workspace_OSTR/projet_OSTR/FreeRTOS/include" -I"P:/MEA4/OSTR/workspace_OSTR/projet_OSTR/TraceRecorder/config" -I"P:/MEA4/OSTR/workspace_OSTR/projet_OSTR/FreeRTOS/portable/GCC/ARM_CM0" -I"P:/MEA4/OSTR/workspace_OSTR/projet_OSTR/TraceRecorder/streamports/Jlink_RTT/include" -I"P:/MEA4/OSTR/workspace_OSTR/projet_OSTR/TraceRecorder/include" -O0 -ffunction-sections -fdata-sections -Wall -fstack-usage -MMD -MP -MF"TraceRecorder/trcKernelPort.d" -MT"TraceRecorder/trcKernelPort.o" --specs=nano.specs -mfloat-abi=soft -mthumb -o "TraceRecorder/trcKernelPort.o"
../TraceRecorder/trcKernelPort.c:320:14: warning: 'pCurrentTCB' defined but not used [-Wunused-variable]
  320 | static void* pCurrentTCB = NULL;
      |              ^~~~~~~~~~~
arm-none-eabi-gcc "../TraceRecorder/trcSnapshotRecorder.c" -mcpu=cortex-m0 -std=gnu11 -g3 -DSTM32F072xB -c -I"P:/MEA4/OSTR/workspace_OSTR/projet_OSTR/app/inc" -I"P:/MEA4/OSTR/workspace_OSTR/projet_OSTR/bsp/inc" -I"P:/MEA4/OSTR/workspace_OSTR/projet_OSTR/cmsis/core" -I"P:/MEA4/OSTR/workspace_OSTR/projet_OSTR/cmsis/device/inc" -I"P:/MEA4/OSTR/workspace_OSTR/projet_OSTR/FreeRTOS/include" -I"P:/MEA4/OSTR/workspace_OSTR/projet_OSTR/TraceRecorder/config" -I"P:/MEA4/OSTR/workspace_OSTR/projet_OSTR/FreeRTOS/portable/GCC/ARM_CM0" -I"P:/MEA4/OSTR/workspace_OSTR/projet_OSTR/TraceRecorder/streamports/Jlink_RTT/include" -I"P:/MEA4/OSTR/workspace_OSTR/projet_OSTR/TraceRecorder/include" -O0 -ffunction-sections -fdata-sections -Wall -fstack-usage -MMD -MP -MF"TraceRecorder/trcSnapshotRecorder.d" -MT"TraceRecorder/trcSnapshotRecorder.o" --specs=nano.specs -mfloat-abi=soft -mthumb -o "TraceRecorder/trcSnapshotRecorder.o"
arm-none-eabi-gcc "../TraceRecorder/trcStreamingRecorder.c" -mcpu=cortex-m0 -std=gnu11 -g3 -DSTM32F072xB -c -I"P:/MEA4/OSTR/workspace_OSTR/projet_OSTR/app/inc" -I"P:/MEA4/OSTR/workspace_OSTR/projet_OSTR/bsp/inc" -I"P:/MEA4/OSTR/workspace_OSTR/projet_OSTR/cmsis/core" -I"P:/MEA4/OSTR/workspace_OSTR/projet_OSTR/cmsis/device/inc" -I"P:/MEA4/OSTR/workspace_OSTR/projet_OSTR/FreeRTOS/include" -I"P:/MEA4/OSTR/workspace_OSTR/projet_OSTR/TraceRecorder/config" -I"P:/MEA4/OSTR/workspace_OSTR/projet_OSTR/FreeRTOS/portable/GCC/ARM_CM0" -I"P:/MEA4/OSTR/workspace_OSTR/projet_OSTR/TraceRecorder/streamports/Jlink_RTT/include" -I"P:/MEA4/OSTR/workspace_OSTR/projet_OSTR/TraceRecorder/include" -O0 -ffunction-sections -fdata-sections -Wall -fstack-usage -MMD -MP -MF"TraceRecorder/trcStreamingRecorder.d" -MT"TraceRecorder/trcStreamingRecorder.o" --specs=nano.specs -mfloat-abi=soft -mthumb -o "TraceRecorder/trcStreamingRecorder.o"
arm-none-eabi-gcc "../FreeRTOS/portable/MemMang/heap_1.c" -mcpu=cortex-m0 -std=gnu11 -g3 -DSTM32F072xB -c -I"P:/MEA4/OSTR/workspace_OSTR/projet_OSTR/app/inc" -I"P:/MEA4/OSTR/workspace_OSTR/projet_OSTR/bsp/inc" -I"P:/MEA4/OSTR/workspace_OSTR/projet_OSTR/cmsis/core" -I"P:/MEA4/OSTR/workspace_OSTR/projet_OSTR/cmsis/device/inc" -I"P:/MEA4/OSTR/workspace_OSTR/projet_OSTR/FreeRTOS/include" -I"P:/MEA4/OSTR/workspace_OSTR/projet_OSTR/TraceRecorder/config" -I"P:/MEA4/OSTR/workspace_OSTR/projet_OSTR/FreeRTOS/portable/GCC/ARM_CM0" -I"P:/MEA4/OSTR/workspace_OSTR/projet_OSTR/TraceRecorder/streamports/Jlink_RTT/include" -I"P:/MEA4/OSTR/workspace_OSTR/projet_OSTR/TraceRecorder/include" -O0 -ffunction-sections -fdata-sections -Wall -fstack-usage -MMD -MP -MF"FreeRTOS/portable/MemMang/heap_1.d" -MT"FreeRTOS/portable/MemMang/heap_1.o" --specs=nano.specs -mfloat-abi=soft -mthumb -o "FreeRTOS/portable/MemMang/heap_1.o"
arm-none-eabi-gcc "../FreeRTOS/portable/GCC/ARM_CM0/port.c" -mcpu=cortex-m0 -std=gnu11 -g3 -DSTM32F072xB -c -I"P:/MEA4/OSTR/workspace_OSTR/projet_OSTR/app/inc" -I"P:/MEA4/OSTR/workspace_OSTR/projet_OSTR/bsp/inc" -I"P:/MEA4/OSTR/workspace_OSTR/projet_OSTR/cmsis/core" -I"P:/MEA4/OSTR/workspace_OSTR/projet_OSTR/cmsis/device/inc" -I"P:/MEA4/OSTR/workspace_OSTR/projet_OSTR/FreeRTOS/include" -I"P:/MEA4/OSTR/workspace_OSTR/projet_OSTR/TraceRecorder/config" -I"P:/MEA4/OSTR/workspace_OSTR/projet_OSTR/FreeRTOS/portable/GCC/ARM_CM0" -I"P:/MEA4/OSTR/workspace_OSTR/projet_OSTR/TraceRecorder/streamports/Jlink_RTT/include" -I"P:/MEA4/OSTR/workspace_OSTR/projet_OSTR/TraceRecorder/include" -O0 -ffunction-sections -fdata-sections -Wall -fstack-usage -MMD -MP -MF"FreeRTOS/portable/GCC/ARM_CM0/port.d" -MT"FreeRTOS/portable/GCC/ARM_CM0/port.o" --specs=nano.specs -mfloat-abi=soft -mthumb -o "FreeRTOS/portable/GCC/ARM_CM0/port.o"
arm-none-eabi-gcc "../FreeRTOS/croutine.c" -mcpu=cortex-m0 -std=gnu11 -g3 -DSTM32F072xB -c -I"P:/MEA4/OSTR/workspace_OSTR/projet_OSTR/app/inc" -I"P:/MEA4/OSTR/workspace_OSTR/projet_OSTR/bsp/inc" -I"P:/MEA4/OSTR/workspace_OSTR/projet_OSTR/cmsis/core" -I"P:/MEA4/OSTR/workspace_OSTR/projet_OSTR/cmsis/device/inc" -I"P:/MEA4/OSTR/workspace_OSTR/projet_OSTR/FreeRTOS/include" -I"P:/MEA4/OSTR/workspace_OSTR/projet_OSTR/TraceRecorder/config" -I"P:/MEA4/OSTR/workspace_OSTR/projet_OSTR/FreeRTOS/portable/GCC/ARM_CM0" -I"P:/MEA4/OSTR/workspace_OSTR/projet_OSTR/TraceRecorder/streamports/Jlink_RTT/include" -I"P:/MEA4/OSTR/workspace_OSTR/projet_OSTR/TraceRecorder/include" -O0 -ffunction-sections -fdata-sections -Wall -fstack-usage -MMD -MP -MF"FreeRTOS/croutine.d" -MT"FreeRTOS/croutine.o" --specs=nano.specs -mfloat-abi=soft -mthumb -o "FreeRTOS/croutine.o"
arm-none-eabi-gcc "../FreeRTOS/event_groups.c" -mcpu=cortex-m0 -std=gnu11 -g3 -DSTM32F072xB -c -I"P:/MEA4/OSTR/workspace_OSTR/projet_OSTR/app/inc" -I"P:/MEA4/OSTR/workspace_OSTR/projet_OSTR/bsp/inc" -I"P:/MEA4/OSTR/workspace_OSTR/projet_OSTR/cmsis/core" -I"P:/MEA4/OSTR/workspace_OSTR/projet_OSTR/cmsis/device/inc" -I"P:/MEA4/OSTR/workspace_OSTR/projet_OSTR/FreeRTOS/include" -I"P:/MEA4/OSTR/workspace_OSTR/projet_OSTR/TraceRecorder/config" -I"P:/MEA4/OSTR/workspace_OSTR/projet_OSTR/FreeRTOS/portable/GCC/ARM_CM0" -I"P:/MEA4/OSTR/workspace_OSTR/projet_OSTR/TraceRecorder/streamports/Jlink_RTT/include" -I"P:/MEA4/OSTR/workspace_OSTR/projet_OSTR/TraceRecorder/include" -O0 -ffunction-sections -fdata-sections -Wall -fstack-usage -MMD -MP -MF"FreeRTOS/event_groups.d" -MT"FreeRTOS/event_groups.o" --specs=nano.specs -mfloat-abi=soft -mthumb -o "FreeRTOS/event_groups.o"
arm-none-eabi-gcc "../FreeRTOS/list.c" -mcpu=cortex-m0 -std=gnu11 -g3 -DSTM32F072xB -c -I"P:/MEA4/OSTR/workspace_OSTR/projet_OSTR/app/inc" -I"P:/MEA4/OSTR/workspace_OSTR/projet_OSTR/bsp/inc" -I"P:/MEA4/OSTR/workspace_OSTR/projet_OSTR/cmsis/core" -I"P:/MEA4/OSTR/workspace_OSTR/projet_OSTR/cmsis/device/inc" -I"P:/MEA4/OSTR/workspace_OSTR/projet_OSTR/FreeRTOS/include" -I"P:/MEA4/OSTR/workspace_OSTR/projet_OSTR/TraceRecorder/config" -I"P:/MEA4/OSTR/workspace_OSTR/projet_OSTR/FreeRTOS/portable/GCC/ARM_CM0" -I"P:/MEA4/OSTR/workspace_OSTR/projet_OSTR/TraceRecorder/streamports/Jlink_RTT/include" -I"P:/MEA4/OSTR/workspace_OSTR/projet_OSTR/TraceRecorder/include" -O0 -ffunction-sections -fdata-sections -Wall -fstack-usage -MMD -MP -MF"FreeRTOS/list.d" -MT"FreeRTOS/list.o" --specs=nano.specs -mfloat-abi=soft -mthumb -o "FreeRTOS/list.o"
arm-none-eabi-gcc "../FreeRTOS/queue.c" -mcpu=cortex-m0 -std=gnu11 -g3 -DSTM32F072xB -c -I"P:/MEA4/OSTR/workspace_OSTR/projet_OSTR/app/inc" -I"P:/MEA4/OSTR/workspace_OSTR/projet_OSTR/bsp/inc" -I"P:/MEA4/OSTR/workspace_OSTR/projet_OSTR/cmsis/core" -I"P:/MEA4/OSTR/workspace_OSTR/projet_OSTR/cmsis/device/inc" -I"P:/MEA4/OSTR/workspace_OSTR/projet_OSTR/FreeRTOS/include" -I"P:/MEA4/OSTR/workspace_OSTR/projet_OSTR/TraceRecorder/config" -I"P:/MEA4/OSTR/workspace_OSTR/projet_OSTR/FreeRTOS/portable/GCC/ARM_CM0" -I"P:/MEA4/OSTR/workspace_OSTR/projet_OSTR/TraceRecorder/streamports/Jlink_RTT/include" -I"P:/MEA4/OSTR/workspace_OSTR/projet_OSTR/TraceRecorder/include" -O0 -ffunction-sections -fdata-sections -Wall -fstack-usage -MMD -MP -MF"FreeRTOS/queue.d" -MT"FreeRTOS/queue.o" --specs=nano.specs -mfloat-abi=soft -mthumb -o "FreeRTOS/queue.o"
arm-none-eabi-gcc "../FreeRTOS/stream_buffer.c" -mcpu=cortex-m0 -std=gnu11 -g3 -DSTM32F072xB -c -I"P:/MEA4/OSTR/workspace_OSTR/projet_OSTR/app/inc" -I"P:/MEA4/OSTR/workspace_OSTR/projet_OSTR/bsp/inc" -I"P:/MEA4/OSTR/workspace_OSTR/projet_OSTR/cmsis/core" -I"P:/MEA4/OSTR/workspace_OSTR/projet_OSTR/cmsis/device/inc" -I"P:/MEA4/OSTR/workspace_OSTR/projet_OSTR/FreeRTOS/include" -I"P:/MEA4/OSTR/workspace_OSTR/projet_OSTR/TraceRecorder/config" -I"P:/MEA4/OSTR/workspace_OSTR/projet_OSTR/FreeRTOS/portable/GCC/ARM_CM0" -I"P:/MEA4/OSTR/workspace_OSTR/projet_OSTR/TraceRecorder/streamports/Jlink_RTT/include" -I"P:/MEA4/OSTR/workspace_OSTR/projet_OSTR/TraceRecorder/include" -O0 -ffunction-sections -fdata-sections -Wall -fstack-usage -MMD -MP -MF"FreeRTOS/stream_buffer.d" -MT"FreeRTOS/stream_buffer.o" --specs=nano.specs -mfloat-abi=soft -mthumb -o "FreeRTOS/stream_buffer.o"
arm-none-eabi-gcc "../FreeRTOS/tasks.c" -mcpu=cortex-m0 -std=gnu11 -g3 -DSTM32F072xB -c -I"P:/MEA4/OSTR/workspace_OSTR/projet_OSTR/app/inc" -I"P:/MEA4/OSTR/workspace_OSTR/projet_OSTR/bsp/inc" -I"P:/MEA4/OSTR/workspace_OSTR/projet_OSTR/cmsis/core" -I"P:/MEA4/OSTR/workspace_OSTR/projet_OSTR/cmsis/device/inc" -I"P:/MEA4/OSTR/workspace_OSTR/projet_OSTR/FreeRTOS/include" -I"P:/MEA4/OSTR/workspace_OSTR/projet_OSTR/TraceRecorder/config" -I"P:/MEA4/OSTR/workspace_OSTR/projet_OSTR/FreeRTOS/portable/GCC/ARM_CM0" -I"P:/MEA4/OSTR/workspace_OSTR/projet_OSTR/TraceRecorder/streamports/Jlink_RTT/include" -I"P:/MEA4/OSTR/workspace_OSTR/projet_OSTR/TraceRecorder/include" -O0 -ffunction-sections -fdata-sections -Wall -fstack-usage -MMD -MP -MF"FreeRTOS/tasks.d" -MT"FreeRTOS/tasks.o" --specs=nano.specs -mfloat-abi=soft -mthumb -o "FreeRTOS/tasks.o"
arm-none-eabi-gcc "../FreeRTOS/timers.c" -mcpu=cortex-m0 -std=gnu11 -g3 -DSTM32F072xB -c -I"P:/MEA4/OSTR/workspace_OSTR/projet_OSTR/app/inc" -I"P:/MEA4/OSTR/workspace_OSTR/projet_OSTR/bsp/inc" -I"P:/MEA4/OSTR/workspace_OSTR/projet_OSTR/cmsis/core" -I"P:/MEA4/OSTR/workspace_OSTR/projet_OSTR/cmsis/device/inc" -I"P:/MEA4/OSTR/workspace_OSTR/projet_OSTR/FreeRTOS/include" -I"P:/MEA4/OSTR/workspace_OSTR/projet_OSTR/TraceRecorder/config" -I"P:/MEA4/OSTR/workspace_OSTR/projet_OSTR/FreeRTOS/portable/GCC/ARM_CM0" -I"P:/MEA4/OSTR/workspace_OSTR/projet_OSTR/TraceRecorder/streamports/Jlink_RTT/include" -I"P:/MEA4/OSTR/workspace_OSTR/projet_OSTR/TraceRecorder/include" -O0 -ffunction-sections -fdata-sections -Wall -fstack-usage -MMD -MP -MF"FreeRTOS/timers.d" -MT"FreeRTOS/timers.o" --specs=nano.specs -mfloat-abi=soft -mthumb -o "FreeRTOS/timers.o"
arm-none-eabi-gcc -o "projet_OSTR.elf" @"objects.list"   -mcpu=cortex-m0 -T"P:\MEA4\OSTR\workspace_OSTR\projet_OSTR\STM32F072RBTx_FLASH.ld" --specs=nosys.specs -Wl,-Map="projet_OSTR.map" -Wl,--gc-sections -static --specs=nano.specs -mfloat-abi=soft -mthumb -Wl,--start-group -lc -lm -Wl,--end-group
Finished building target: projet_OSTR.elf
 
arm-none-eabi-objdump -h -S  projet_OSTR.elf  > "projet_OSTR.list"
Finished building: projet_OSTR.list
 
arm-none-eabi-objcopy  -O binary  projet_OSTR.elf  "projet_OSTR.bin"
Finished building: projet_OSTR.bin
 
arm-none-eabi-size   projet_OSTR.elf 
   text	   data	    bss	    dec	    hex	filename
  28180	     32	  15352	  43564	   aa2c	projet_OSTR.elf
Finished building: default.size.stdout
 
18:59:34 **** Incremental Build of configuration Debug for project projet_OSTR ****
make all 
arm-none-eabi-gcc "../bsp/src/bsp.c" -mcpu=cortex-m0 -std=gnu11 -g3 -DSTM32F072xB -c -I"P:/MEA4/OSTR/workspace_OSTR/projet_OSTR/app/inc" -I"P:/MEA4/OSTR/workspace_OSTR/projet_OSTR/bsp/inc" -I"P:/MEA4/OSTR/workspace_OSTR/projet_OSTR/cmsis/core" -I"P:/MEA4/OSTR/workspace_OSTR/projet_OSTR/cmsis/device/inc" -I"P:/MEA4/OSTR/workspace_OSTR/projet_OSTR/FreeRTOS/include" -I"P:/MEA4/OSTR/workspace_OSTR/projet_OSTR/TraceRecorder/config" -I"P:/MEA4/OSTR/workspace_OSTR/projet_OSTR/FreeRTOS/portable/GCC/ARM_CM0" -I"P:/MEA4/OSTR/workspace_OSTR/projet_OSTR/TraceRecorder/streamports/Jlink_RTT/include" -I"P:/MEA4/OSTR/workspace_OSTR/projet_OSTR/TraceRecorder/include" -O0 -ffunction-sections -fdata-sections -Wall -fstack-usage -MMD -MP -MF"bsp/src/bsp.d" -MT"bsp/src/bsp.o" --specs=nano.specs -mfloat-abi=soft -mthumb -o "bsp/src/bsp.o"
arm-none-eabi-gcc "../bsp/src/factory_io.c" -mcpu=cortex-m0 -std=gnu11 -g3 -DSTM32F072xB -c -I"P:/MEA4/OSTR/workspace_OSTR/projet_OSTR/app/inc" -I"P:/MEA4/OSTR/workspace_OSTR/projet_OSTR/bsp/inc" -I"P:/MEA4/OSTR/workspace_OSTR/projet_OSTR/cmsis/core" -I"P:/MEA4/OSTR/workspace_OSTR/projet_OSTR/cmsis/device/inc" -I"P:/MEA4/OSTR/workspace_OSTR/projet_OSTR/FreeRTOS/include" -I"P:/MEA4/OSTR/workspace_OSTR/projet_OSTR/TraceRecorder/config" -I"P:/MEA4/OSTR/workspace_OSTR/projet_OSTR/FreeRTOS/portable/GCC/ARM_CM0" -I"P:/MEA4/OSTR/workspace_OSTR/projet_OSTR/TraceRecorder/streamports/Jlink_RTT/include" -I"P:/MEA4/OSTR/workspace_OSTR/projet_OSTR/TraceRecorder/include" -O0 -ffunction-sections -fdata-sections -Wall -fstack-usage -MMD -MP -MF"bsp/src/factory_io.d" -MT"bsp/src/factory_io.o" --specs=nano.specs -mfloat-abi=soft -mthumb -o "bsp/src/factory_io.o"
arm-none-eabi-gcc "../app/src/events.c" -mcpu=cortex-m0 -std=gnu11 -g3 -DSTM32F072xB -c -I"P:/MEA4/OSTR/workspace_OSTR/projet_OSTR/app/inc" -I"P:/MEA4/OSTR/workspace_OSTR/projet_OSTR/bsp/inc" -I"P:/MEA4/OSTR/workspace_OSTR/projet_OSTR/cmsis/core" -I"P:/MEA4/OSTR/workspace_OSTR/projet_OSTR/cmsis/device/inc" -I"P:/MEA4/OSTR/workspace_OSTR/projet_OSTR/FreeRTOS/include" -I"P:/MEA4/OSTR/workspace_OSTR/projet_OSTR/TraceRecorder/config" -I"P:/MEA4/OSTR/workspace_OSTR/projet_OSTR/FreeRTOS/portable/GCC/ARM_CM0" -I"P:/MEA4/OSTR/workspace_OSTR/projet_OSTR/TraceRecorder/streamports/Jlink_RTT/include" -I"P:/MEA4/OSTR/workspace_OSTR/projet_OSTR/TraceRecorder/include" -O0 -ffunction-sections -fdata-sections -Wall -fstack-usage -MMD -MP -MF"app/src/events.d" -MT"app/src/events.o" --specs=nano.specs -mfloat-abi=soft -mthumb -o "app/src/events.o"
arm-none-eabi-gcc "../app/src/main.c" -mcpu=cortex-m0 -std=gnu11 -g3 -DSTM32F072xB -c -I"P:/MEA4/OSTR/workspace_OSTR/projet_OSTR/app/inc" -I"P:/MEA4/OSTR/workspace_OSTR/projet_OSTR/bsp/inc" -I"P:/MEA4/OSTR/workspace_OSTR/projet_OSTR/cmsis/core" -I"P:/MEA4/OSTR/workspace_OSTR/projet_OSTR/cmsis/device/inc" -I"P:/MEA4/OSTR/workspace_OSTR/projet_OSTR/FreeRTOS/include" -I"P:/MEA4/OSTR/workspace_OSTR/projet_OSTR/TraceRecorder/config" -I"P:/MEA4/OSTR/workspace_OSTR/projet_OSTR/FreeRTOS/portable/GCC/ARM_CM0" -I"P:/MEA4/OSTR/workspace_OSTR/projet_OSTR/TraceRecorder/streamports/Jlink_RTT/include" -I"P:/MEA4/OSTR/workspace_OSTR/projet_OSTR/TraceRecorder/include" -O0 -ffunction-sections -fdata-sections -Wall -fstack-usage -MMD -MP -MF"app/src/main.d" -MT"app/src/main.o" --specs=nano.specs -mfloat-abi=soft -mthumb -o "app/src/main.o"
arm-none-eabi-gcc "../app/src/printf-stdarg.c" -mcpu=cortex-m0 -std=gnu11 -g3 -DSTM32F072xB -c -I"P:/MEA4/OSTR/workspace_OSTR/projet_OSTR/app/inc" -I"P:/MEA4/OSTR/workspace_OSTR/projet_OSTR/bsp/inc" -I"P:/MEA4/OSTR/workspace_OSTR/projet_OSTR/cmsis/core" -I"P:/MEA4/OSTR/workspace_OSTR/projet_OSTR/cmsis/device/inc" -I"P:/MEA4/OSTR/workspace_OSTR/projet_OSTR/FreeRTOS/include" -I"P:/MEA4/OSTR/workspace_OSTR/projet_OSTR/TraceRecorder/config" -I"P:/MEA4/OSTR/workspace_OSTR/projet_OSTR/FreeRTOS/portable/GCC/ARM_CM0" -I"P:/MEA4/OSTR/workspace_OSTR/projet_OSTR/TraceRecorder/streamports/Jlink_RTT/include" -I"P:/MEA4/OSTR/workspace_OSTR/projet_OSTR/TraceRecorder/include" -O0 -ffunction-sections -fdata-sections -Wall -fstack-usage -MMD -MP -MF"app/src/printf-stdarg.d" -MT"app/src/printf-stdarg.o" --specs=nano.specs -mfloat-abi=soft -mthumb -o "app/src/printf-stdarg.o"
arm-none-eabi-gcc "../app/src/stm32f0xx_it.c" -mcpu=cortex-m0 -std=gnu11 -g3 -DSTM32F072xB -c -I"P:/MEA4/OSTR/workspace_OSTR/projet_OSTR/app/inc" -I"P:/MEA4/OSTR/workspace_OSTR/projet_OSTR/bsp/inc" -I"P:/MEA4/OSTR/workspace_OSTR/projet_OSTR/cmsis/core" -I"P:/MEA4/OSTR/workspace_OSTR/projet_OSTR/cmsis/device/inc" -I"P:/MEA4/OSTR/workspace_OSTR/projet_OSTR/FreeRTOS/include" -I"P:/MEA4/OSTR/workspace_OSTR/projet_OSTR/TraceRecorder/config" -I"P:/MEA4/OSTR/workspace_OSTR/projet_OSTR/FreeRTOS/portable/GCC/ARM_CM0" -I"P:/MEA4/OSTR/workspace_OSTR/projet_OSTR/TraceRecorder/streamports/Jlink_RTT/include" -I"P:/MEA4/OSTR/workspace_OSTR/projet_OSTR/TraceRecorder/include" -O0 -ffunction-sections -fdata-sections -Wall -fstack-usage -MMD -MP -MF"app/src/stm32f0xx_it.d" -MT"app/src/stm32f0xx_it.o" --specs=nano.specs -mfloat-abi=soft -mthumb -o "app/src/stm32f0xx_it.o"
arm-none-eabi-gcc "../TraceRecorder/streamports/Jlink_RTT/trcStreamingPort.c" -mcpu=cortex-m0 -std=gnu11 -g3 -DSTM32F072xB -c -I"P:/MEA4/OSTR/workspace_OSTR/projet_OSTR/app/inc" -I"P:/MEA4/OSTR/workspace_OSTR/projet_OSTR/bsp/inc" -I"P:/MEA4/OSTR/workspace_OSTR/projet_OSTR/cmsis/core" -I"P:/MEA4/OSTR/workspace_OSTR/projet_OSTR/cmsis/device/inc" -I"P:/MEA4/OSTR/workspace_OSTR/projet_OSTR/FreeRTOS/include" -I"P:/MEA4/OSTR/workspace_OSTR/projet_OSTR/TraceRecorder/config" -I"P:/MEA4/OSTR/workspace_OSTR/projet_OSTR/FreeRTOS/portable/GCC/ARM_CM0" -I"P:/MEA4/OSTR/workspace_OSTR/projet_OSTR/TraceRecorder/streamports/Jlink_RTT/include" -I"P:/MEA4/OSTR/workspace_OSTR/projet_OSTR/TraceRecorder/include" -O0 -ffunction-sections -fdata-sections -Wall -fstack-usage -MMD -MP -MF"TraceRecorder/streamports/Jlink_RTT/trcStreamingPort.d" -MT"TraceRecorder/streamports/Jlink_RTT/trcStreamingPort.o" --specs=nano.specs -mfloat-abi=soft -mthumb -o "TraceRecorder/streamports/Jlink_RTT/trcStreamingPort.o"
arm-none-eabi-gcc "../TraceRecorder/trcKernelPort.c" -mcpu=cortex-m0 -std=gnu11 -g3 -DSTM32F072xB -c -I"P:/MEA4/OSTR/workspace_OSTR/projet_OSTR/app/inc" -I"P:/MEA4/OSTR/workspace_OSTR/projet_OSTR/bsp/inc" -I"P:/MEA4/OSTR/workspace_OSTR/projet_OSTR/cmsis/core" -I"P:/MEA4/OSTR/workspace_OSTR/projet_OSTR/cmsis/device/inc" -I"P:/MEA4/OSTR/workspace_OSTR/projet_OSTR/FreeRTOS/include" -I"P:/MEA4/OSTR/workspace_OSTR/projet_OSTR/TraceRecorder/config" -I"P:/MEA4/OSTR/workspace_OSTR/projet_OSTR/FreeRTOS/portable/GCC/ARM_CM0" -I"P:/MEA4/OSTR/workspace_OSTR/projet_OSTR/TraceRecorder/streamports/Jlink_RTT/include" -I"P:/MEA4/OSTR/workspace_OSTR/projet_OSTR/TraceRecorder/include" -O0 -ffunction-sections -fdata-sections -Wall -fstack-usage -MMD -MP -MF"TraceRecorder/trcKernelPort.d" -MT"TraceRecorder/trcKernelPort.o" --specs=nano.specs -mfloat-abi=soft -mthumb -o "TraceRecorder/trcKernelPort.o"
../TraceRecorder/trcKernelPort.c:320:14: warning: 'pCurrentTCB' defined but not used [-Wunused-variable]
  320 | static void* pCurrentTCB = NULL;
      |              ^~~~~~~~~~~
arm-none-eabi-gcc "../TraceRecorder/trcSnapshotRecorder.c" -mcpu=cortex-m0 -std=gnu11 -g3 -DSTM32F072xB -c -I"P:/MEA4/OSTR/workspace_OSTR/projet_OSTR/app/inc" -I"P:/MEA4/OSTR/workspace_OSTR/projet_OSTR/bsp/inc" -I"P:/MEA4/OSTR/workspace_OSTR/projet_OSTR/cmsis/core" -I"P:/MEA4/OSTR/workspace_OSTR/projet_OSTR/cmsis/device/inc" -I"P:/MEA4/OSTR/workspace_OSTR/projet_OSTR/FreeRTOS/include" -I"P:/MEA4/OSTR/workspace_OSTR/projet_OSTR/TraceRecorder/config" -I"P:/MEA4/OSTR/workspace_OSTR/projet_OSTR/FreeRTOS/portable/GCC/ARM_CM0" -I"P:/MEA4/OSTR/workspace_OSTR/projet_OSTR/TraceRecorder/streamports/Jlink_RTT/include" -I"P:/MEA4/OSTR/workspace_OSTR/projet_OSTR/TraceRecorder/include" -O0 -ffunction-sections -fdata-sections -Wall -fstack-usage -MMD -MP -MF"TraceRecorder/trcSnapshotRecorder.d" -MT"TraceRecorder/trcSnapshotRecorder.o" --specs=nano.specs -mfloat-abi=soft -mthumb -o "TraceRecorder/trcSnapshotRecorder.o"
arm-none-eabi-gcc "../TraceRecorder/trcStreamingRecorder.c" -mcpu=cortex-m0 -std=gnu11 -g3 -DSTM32F072xB -c -I"P:/MEA4/OSTR/workspace_OSTR/projet_OSTR/app/inc" -I"P:/MEA4/OSTR/workspace_OSTR/projet_OSTR/bsp/inc" -I"P:/MEA4/OSTR/workspace_OSTR/projet_OSTR/cmsis/core" -I"P:/MEA4/OSTR/workspace_OSTR/projet_OSTR/cmsis/device/inc" -I"P:/MEA4/OSTR/workspace_OSTR/projet_OSTR/FreeRTOS/include" -I"P:/MEA4/OSTR/workspace_OSTR/projet_OSTR/TraceRecorder/config" -I"P:/MEA4/OSTR/workspace_OSTR/projet_OSTR/FreeRTOS/portable/GCC/ARM_CM0" -I"P:/MEA4/OSTR/workspace_OSTR/projet_OSTR/TraceRecorder/streamports/Jlink_RTT/include" -I"P:/MEA4/OSTR/workspace_OSTR/projet_OSTR/TraceRecorder/include" -O0 -ffunction-sections -fdata-sections -Wall -fstack-usage -MMD -MP -MF"TraceRecorder/trcStreamingRecorder.d" -MT"TraceRecorder/trcStreamingRecorder.o" --specs=nano.specs -mfloat-abi=soft -mthumb -o "TraceRecorder/trcStreamingRecorder.o"
arm-none-eabi-gcc "../FreeRTOS/portable/MemMang/heap_1.c" -mcpu=cortex-m0 -std=gnu11 -g3 -DSTM32F072xB -c -I"P:/MEA4/OSTR/workspace_OSTR/projet_OSTR/app/inc" -I"P:/MEA4/OSTR/workspace_OSTR/projet_OSTR/bsp/inc" -I"P:/MEA4/OSTR/workspace_OSTR/projet_OSTR/cmsis/core" -I"P:/MEA4/OSTR/workspace_OSTR/projet_OSTR/cmsis/device/inc" -I"P:/MEA4/OSTR/workspace_OSTR/projet_OSTR/FreeRTOS/include" -I"P:/MEA4/OSTR/workspace_OSTR/projet_OSTR/TraceRecorder/config" -I"P:/MEA4/OSTR/workspace_OSTR/projet_OSTR/FreeRTOS/portable/GCC/ARM_CM0" -I"P:/MEA4/OSTR/workspace_OSTR/projet_OSTR/TraceRecorder/streamports/Jlink_RTT/include" -I"P:/MEA4/OSTR/workspace_OSTR/projet_OSTR/TraceRecorder/include" -O0 -ffunction-sections -fdata-sections -Wall -fstack-usage -MMD -MP -MF"FreeRTOS/portable/MemMang/heap_1.d" -MT"FreeRTOS/portable/MemMang/heap_1.o" --specs=nano.specs -mfloat-abi=soft -mthumb -o "FreeRTOS/portable/MemMang/heap_1.o"
arm-none-eabi-gcc "../FreeRTOS/portable/GCC/ARM_CM0/port.c" -mcpu=cortex-m0 -std=gnu11 -g3 -DSTM32F072xB -c -I"P:/MEA4/OSTR/workspace_OSTR/projet_OSTR/app/inc" -I"P:/MEA4/OSTR/workspace_OSTR/projet_OSTR/bsp/inc" -I"P:/MEA4/OSTR/workspace_OSTR/projet_OSTR/cmsis/core" -I"P:/MEA4/OSTR/workspace_OSTR/projet_OSTR/cmsis/device/inc" -I"P:/MEA4/OSTR/workspace_OSTR/projet_OSTR/FreeRTOS/include" -I"P:/MEA4/OSTR/workspace_OSTR/projet_OSTR/TraceRecorder/config" -I"P:/MEA4/OSTR/workspace_OSTR/projet_OSTR/FreeRTOS/portable/GCC/ARM_CM0" -I"P:/MEA4/OSTR/workspace_OSTR/projet_OSTR/TraceRecorder/streamports/Jlink_RTT/include" -I"P:/MEA4/OSTR/workspace_OSTR/projet_OSTR/TraceRecorder/include" -O0 -ffunction-sections -fdata-sections -Wall -fstack-usage -MMD -MP -MF"FreeRTOS/portable/GCC/ARM_CM0/port.d" -MT"FreeRTOS/portable/GCC/ARM_CM0/port.o" --specs=nano.specs -mfloat-abi=soft -mthumb -o "FreeRTOS/portable/GCC/ARM_CM0/port.o"
arm-none-eabi-gcc "../FreeRTOS/croutine.c" -mcpu=cortex-m0 -std=gnu11 -g3 -DSTM32F072xB -c -I"P:/MEA4/OSTR/workspace_OSTR/projet_OSTR/app/inc" -I"P:/MEA4/OSTR/workspace_OSTR/projet_OSTR/bsp/inc" -I"P:/MEA4/OSTR/workspace_OSTR/projet_OSTR/cmsis/core" -I"P:/MEA4/OSTR/workspace_OSTR/projet_OSTR/cmsis/device/inc" -I"P:/MEA4/OSTR/workspace_OSTR/projet_OSTR/FreeRTOS/include" -I"P:/MEA4/OSTR/workspace_OSTR/projet_OSTR/TraceRecorder/config" -I"P:/MEA4/OSTR/workspace_OSTR/projet_OSTR/FreeRTOS/portable/GCC/ARM_CM0" -I"P:/MEA4/OSTR/workspace_OSTR/projet_OSTR/TraceRecorder/streamports/Jlink_RTT/include" -I"P:/MEA4/OSTR/workspace_OSTR/projet_OSTR/TraceRecorder/include" -O0 -ffunction-sections -fdata-sections -Wall -fstack-usage -MMD -MP -MF"FreeRTOS/croutine.d" -MT"FreeRTOS/croutine.o" --specs=nano.specs -mfloat-abi=soft -mthumb -o "FreeRTOS/croutine.o"
arm-none-eabi-gcc "../FreeRTOS/event_groups.c" -mcpu=cortex-m0 -std=gnu11 -g3 -DSTM32F072xB -c -I"P:/MEA4/OSTR/workspace_OSTR/projet_OSTR/app/inc" -I"P:/MEA4/OSTR/workspace_OSTR/projet_OSTR/bsp/inc" -I"P:/MEA4/OSTR/workspace_OSTR/projet_OSTR/cmsis/core" -I"P:/MEA4/OSTR/workspace_OSTR/projet_OSTR/cmsis/device/inc" -I"P:/MEA4/OSTR/workspace_OSTR/projet_OSTR/FreeRTOS/include" -I"P:/MEA4/OSTR/workspace_OSTR/projet_OSTR/TraceRecorder/config" -I"P:/MEA4/OSTR/workspace_OSTR/projet_OSTR/FreeRTOS/portable/GCC/ARM_CM0" -I"P:/MEA4/OSTR/workspace_OSTR/projet_OSTR/TraceRecorder/streamports/Jlink_RTT/include" -I"P:/MEA4/OSTR/workspace_OSTR/projet_OSTR/TraceRecorder/include" -O0 -ffunction-sections -fdata-sections -Wall -fstack-usage -MMD -MP -MF"FreeRTOS/event_groups.d" -MT"FreeRTOS/event_groups.o" --specs=nano.specs -mfloat-abi=soft -mthumb -o "FreeRTOS/event_groups.o"
arm-none-eabi-gcc "../FreeRTOS/list.c" -mcpu=cortex-m0 -std=gnu11 -g3 -DSTM32F072xB -c -I"P:/MEA4/OSTR/workspace_OSTR/projet_OSTR/app/inc" -I"P:/MEA4/OSTR/workspace_OSTR/projet_OSTR/bsp/inc" -I"P:/MEA4/OSTR/workspace_OSTR/projet_OSTR/cmsis/core" -I"P:/MEA4/OSTR/workspace_OSTR/projet_OSTR/cmsis/device/inc" -I"P:/MEA4/OSTR/workspace_OSTR/projet_OSTR/FreeRTOS/include" -I"P:/MEA4/OSTR/workspace_OSTR/projet_OSTR/TraceRecorder/config" -I"P:/MEA4/OSTR/workspace_OSTR/projet_OSTR/FreeRTOS/portable/GCC/ARM_CM0" -I"P:/MEA4/OSTR/workspace_OSTR/projet_OSTR/TraceRecorder/streamports/Jlink_RTT/include" -I"P:/MEA4/OSTR/workspace_OSTR/projet_OSTR/TraceRecorder/include" -O0 -ffunction-sections -fdata-sections -Wall -fstack-usage -MMD -MP -MF"FreeRTOS/list.d" -MT"FreeRTOS/list.o" --specs=nano.specs -mfloat-abi=soft -mthumb -o "FreeRTOS/list.o"
arm-none-eabi-gcc "../FreeRTOS/queue.c" -mcpu=cortex-m0 -std=gnu11 -g3 -DSTM32F072xB -c -I"P:/MEA4/OSTR/workspace_OSTR/projet_OSTR/app/inc" -I"P:/MEA4/OSTR/workspace_OSTR/projet_OSTR/bsp/inc" -I"P:/MEA4/OSTR/workspace_OSTR/projet_OSTR/cmsis/core" -I"P:/MEA4/OSTR/workspace_OSTR/projet_OSTR/cmsis/device/inc" -I"P:/MEA4/OSTR/workspace_OSTR/projet_OSTR/FreeRTOS/include" -I"P:/MEA4/OSTR/workspace_OSTR/projet_OSTR/TraceRecorder/config" -I"P:/MEA4/OSTR/workspace_OSTR/projet_OSTR/FreeRTOS/portable/GCC/ARM_CM0" -I"P:/MEA4/OSTR/workspace_OSTR/projet_OSTR/TraceRecorder/streamports/Jlink_RTT/include" -I"P:/MEA4/OSTR/workspace_OSTR/projet_OSTR/TraceRecorder/include" -O0 -ffunction-sections -fdata-sections -Wall -fstack-usage -MMD -MP -MF"FreeRTOS/queue.d" -MT"FreeRTOS/queue.o" --specs=nano.specs -mfloat-abi=soft -mthumb -o "FreeRTOS/queue.o"
arm-none-eabi-gcc "../FreeRTOS/stream_buffer.c" -mcpu=cortex-m0 -std=gnu11 -g3 -DSTM32F072xB -c -I"P:/MEA4/OSTR/workspace_OSTR/projet_OSTR/app/inc" -I"P:/MEA4/OSTR/workspace_OSTR/projet_OSTR/bsp/inc" -I"P:/MEA4/OSTR/workspace_OSTR/projet_OSTR/cmsis/core" -I"P:/MEA4/OSTR/workspace_OSTR/projet_OSTR/cmsis/device/inc" -I"P:/MEA4/OSTR/workspace_OSTR/projet_OSTR/FreeRTOS/include" -I"P:/MEA4/OSTR/workspace_OSTR/projet_OSTR/TraceRecorder/config" -I"P:/MEA4/OSTR/workspace_OSTR/projet_OSTR/FreeRTOS/portable/GCC/ARM_CM0" -I"P:/MEA4/OSTR/workspace_OSTR/projet_OSTR/TraceRecorder/streamports/Jlink_RTT/include" -I"P:/MEA4/OSTR/workspace_OSTR/projet_OSTR/TraceRecorder/include" -O0 -ffunction-sections -fdata-sections -Wall -fstack-usage -MMD -MP -MF"FreeRTOS/stream_buffer.d" -MT"FreeRTOS/stream_buffer.o" --specs=nano.specs -mfloat-abi=soft -mthumb -o "FreeRTOS/stream_buffer.o"
arm-none-eabi-gcc "../FreeRTOS/tasks.c" -mcpu=cortex-m0 -std=gnu11 -g3 -DSTM32F072xB -c -I"P:/MEA4/OSTR/workspace_OSTR/projet_OSTR/app/inc" -I"P:/MEA4/OSTR/workspace_OSTR/projet_OSTR/bsp/inc" -I"P:/MEA4/OSTR/workspace_OSTR/projet_OSTR/cmsis/core" -I"P:/MEA4/OSTR/workspace_OSTR/projet_OSTR/cmsis/device/inc" -I"P:/MEA4/OSTR/workspace_OSTR/projet_OSTR/FreeRTOS/include" -I"P:/MEA4/OSTR/workspace_OSTR/projet_OSTR/TraceRecorder/config" -I"P:/MEA4/OSTR/workspace_OSTR/projet_OSTR/FreeRTOS/portable/GCC/ARM_CM0" -I"P:/MEA4/OSTR/workspace_OSTR/projet_OSTR/TraceRecorder/streamports/Jlink_RTT/include" -I"P:/MEA4/OSTR/workspace_OSTR/projet_OSTR/TraceRecorder/include" -O0 -ffunction-sections -fdata-sections -Wall -fstack-usage -MMD -MP -MF"FreeRTOS/tasks.d" -MT"FreeRTOS/tasks.o" --specs=nano.specs -mfloat-abi=soft -mthumb -o "FreeRTOS/tasks.o"
arm-none-eabi-gcc "../FreeRTOS/timers.c" -mcpu=cortex-m0 -std=gnu11 -g3 -DSTM32F072xB -c -I"P:/MEA4/OSTR/workspace_OSTR/projet_OSTR/app/inc" -I"P:/MEA4/OSTR/workspace_OSTR/projet_OSTR/bsp/inc" -I"P:/MEA4/OSTR/workspace_OSTR/projet_OSTR/cmsis/core" -I"P:/MEA4/OSTR/workspace_OSTR/projet_OSTR/cmsis/device/inc" -I"P:/MEA4/OSTR/workspace_OSTR/projet_OSTR/FreeRTOS/include" -I"P:/MEA4/OSTR/workspace_OSTR/projet_OSTR/TraceRecorder/config" -I"P:/MEA4/OSTR/workspace_OSTR/projet_OSTR/FreeRTOS/portable/GCC/ARM_CM0" -I"P:/MEA4/OSTR/workspace_OSTR/projet_OSTR/TraceRecorder/streamports/Jlink_RTT/include" -I"P:/MEA4/OSTR/workspace_OSTR/projet_OSTR/TraceRecorder/include" -O0 -ffunction-sections -fdata-sections -Wall -fstack-usage -MMD -MP -MF"FreeRTOS/timers.d" -MT"FreeRTOS/timers.o" --specs=nano.specs -mfloat-abi=soft -mthumb -o "FreeRTOS/timers.o"
arm-none-eabi-gcc -o "projet_OSTR.elf" @"objects.list"   -mcpu=cortex-m0 -T"P:\MEA4\OSTR\workspace_OSTR\projet_OSTR\STM32F072RBTx_FLASH.ld" --specs=nosys.specs -Wl,-Map="projet_OSTR.map" -Wl,--gc-sections -static --specs=nano.specs -mfloat-abi=soft -mthumb -Wl,--start-group -lc -lm -Wl,--end-group
Finished building target: projet_OSTR.elf
 
arm-none-eabi-objdump -h -S  projet_OSTR.elf  > "projet_OSTR.list"
Finished building: projet_OSTR.list
 
arm-none-eabi-objcopy  -O binary  projet_OSTR.elf  "projet_OSTR.bin"
Finished building: projet_OSTR.bin
 
arm-none-eabi-size   projet_OSTR.elf 
   text	   data	    bss	    dec	    hex	filename
  28184	     32	  15352	  43568	   aa30	projet_OSTR.elf
Finished building: default.size.stdout
 
19:00:09 **** Incremental Build of configuration Debug for project projet_OSTR ****
make all 
arm-none-eabi-gcc "../bsp/src/bsp.c" -mcpu=cortex-m0 -std=gnu11 -g3 -DSTM32F072xB -c -I"P:/MEA4/OSTR/workspace_OSTR/projet_OSTR/app/inc" -I"P:/MEA4/OSTR/workspace_OSTR/projet_OSTR/bsp/inc" -I"P:/MEA4/OSTR/workspace_OSTR/projet_OSTR/cmsis/core" -I"P:/MEA4/OSTR/workspace_OSTR/projet_OSTR/cmsis/device/inc" -I"P:/MEA4/OSTR/workspace_OSTR/projet_OSTR/FreeRTOS/include" -I"P:/MEA4/OSTR/workspace_OSTR/projet_OSTR/TraceRecorder/config" -I"P:/MEA4/OSTR/workspace_OSTR/projet_OSTR/FreeRTOS/portable/GCC/ARM_CM0" -I"P:/MEA4/OSTR/workspace_OSTR/projet_OSTR/TraceRecorder/streamports/Jlink_RTT/include" -I"P:/MEA4/OSTR/workspace_OSTR/projet_OSTR/TraceRecorder/include" -O0 -ffunction-sections -fdata-sections -Wall -fstack-usage -MMD -MP -MF"bsp/src/bsp.d" -MT"bsp/src/bsp.o" --specs=nano.specs -mfloat-abi=soft -mthumb -o "bsp/src/bsp.o"
arm-none-eabi-gcc "../bsp/src/factory_io.c" -mcpu=cortex-m0 -std=gnu11 -g3 -DSTM32F072xB -c -I"P:/MEA4/OSTR/workspace_OSTR/projet_OSTR/app/inc" -I"P:/MEA4/OSTR/workspace_OSTR/projet_OSTR/bsp/inc" -I"P:/MEA4/OSTR/workspace_OSTR/projet_OSTR/cmsis/core" -I"P:/MEA4/OSTR/workspace_OSTR/projet_OSTR/cmsis/device/inc" -I"P:/MEA4/OSTR/workspace_OSTR/projet_OSTR/FreeRTOS/include" -I"P:/MEA4/OSTR/workspace_OSTR/projet_OSTR/TraceRecorder/config" -I"P:/MEA4/OSTR/workspace_OSTR/projet_OSTR/FreeRTOS/portable/GCC/ARM_CM0" -I"P:/MEA4/OSTR/workspace_OSTR/projet_OSTR/TraceRecorder/streamports/Jlink_RTT/include" -I"P:/MEA4/OSTR/workspace_OSTR/projet_OSTR/TraceRecorder/include" -O0 -ffunction-sections -fdata-sections -Wall -fstack-usage -MMD -MP -MF"bsp/src/factory_io.d" -MT"bsp/src/factory_io.o" --specs=nano.specs -mfloat-abi=soft -mthumb -o "bsp/src/factory_io.o"
arm-none-eabi-gcc "../app/src/events.c" -mcpu=cortex-m0 -std=gnu11 -g3 -DSTM32F072xB -c -I"P:/MEA4/OSTR/workspace_OSTR/projet_OSTR/app/inc" -I"P:/MEA4/OSTR/workspace_OSTR/projet_OSTR/bsp/inc" -I"P:/MEA4/OSTR/workspace_OSTR/projet_OSTR/cmsis/core" -I"P:/MEA4/OSTR/workspace_OSTR/projet_OSTR/cmsis/device/inc" -I"P:/MEA4/OSTR/workspace_OSTR/projet_OSTR/FreeRTOS/include" -I"P:/MEA4/OSTR/workspace_OSTR/projet_OSTR/TraceRecorder/config" -I"P:/MEA4/OSTR/workspace_OSTR/projet_OSTR/FreeRTOS/portable/GCC/ARM_CM0" -I"P:/MEA4/OSTR/workspace_OSTR/projet_OSTR/TraceRecorder/streamports/Jlink_RTT/include" -I"P:/MEA4/OSTR/workspace_OSTR/projet_OSTR/TraceRecorder/include" -O0 -ffunction-sections -fdata-sections -Wall -fstack-usage -MMD -MP -MF"app/src/events.d" -MT"app/src/events.o" --specs=nano.specs -mfloat-abi=soft -mthumb -o "app/src/events.o"
arm-none-eabi-gcc "../app/src/main.c" -mcpu=cortex-m0 -std=gnu11 -g3 -DSTM32F072xB -c -I"P:/MEA4/OSTR/workspace_OSTR/projet_OSTR/app/inc" -I"P:/MEA4/OSTR/workspace_OSTR/projet_OSTR/bsp/inc" -I"P:/MEA4/OSTR/workspace_OSTR/projet_OSTR/cmsis/core" -I"P:/MEA4/OSTR/workspace_OSTR/projet_OSTR/cmsis/device/inc" -I"P:/MEA4/OSTR/workspace_OSTR/projet_OSTR/FreeRTOS/include" -I"P:/MEA4/OSTR/workspace_OSTR/projet_OSTR/TraceRecorder/config" -I"P:/MEA4/OSTR/workspace_OSTR/projet_OSTR/FreeRTOS/portable/GCC/ARM_CM0" -I"P:/MEA4/OSTR/workspace_OSTR/projet_OSTR/TraceRecorder/streamports/Jlink_RTT/include" -I"P:/MEA4/OSTR/workspace_OSTR/projet_OSTR/TraceRecorder/include" -O0 -ffunction-sections -fdata-sections -Wall -fstack-usage -MMD -MP -MF"app/src/main.d" -MT"app/src/main.o" --specs=nano.specs -mfloat-abi=soft -mthumb -o "app/src/main.o"
arm-none-eabi-gcc "../app/src/printf-stdarg.c" -mcpu=cortex-m0 -std=gnu11 -g3 -DSTM32F072xB -c -I"P:/MEA4/OSTR/workspace_OSTR/projet_OSTR/app/inc" -I"P:/MEA4/OSTR/workspace_OSTR/projet_OSTR/bsp/inc" -I"P:/MEA4/OSTR/workspace_OSTR/projet_OSTR/cmsis/core" -I"P:/MEA4/OSTR/workspace_OSTR/projet_OSTR/cmsis/device/inc" -I"P:/MEA4/OSTR/workspace_OSTR/projet_OSTR/FreeRTOS/include" -I"P:/MEA4/OSTR/workspace_OSTR/projet_OSTR/TraceRecorder/config" -I"P:/MEA4/OSTR/workspace_OSTR/projet_OSTR/FreeRTOS/portable/GCC/ARM_CM0" -I"P:/MEA4/OSTR/workspace_OSTR/projet_OSTR/TraceRecorder/streamports/Jlink_RTT/include" -I"P:/MEA4/OSTR/workspace_OSTR/projet_OSTR/TraceRecorder/include" -O0 -ffunction-sections -fdata-sections -Wall -fstack-usage -MMD -MP -MF"app/src/printf-stdarg.d" -MT"app/src/printf-stdarg.o" --specs=nano.specs -mfloat-abi=soft -mthumb -o "app/src/printf-stdarg.o"
arm-none-eabi-gcc "../app/src/stm32f0xx_it.c" -mcpu=cortex-m0 -std=gnu11 -g3 -DSTM32F072xB -c -I"P:/MEA4/OSTR/workspace_OSTR/projet_OSTR/app/inc" -I"P:/MEA4/OSTR/workspace_OSTR/projet_OSTR/bsp/inc" -I"P:/MEA4/OSTR/workspace_OSTR/projet_OSTR/cmsis/core" -I"P:/MEA4/OSTR/workspace_OSTR/projet_OSTR/cmsis/device/inc" -I"P:/MEA4/OSTR/workspace_OSTR/projet_OSTR/FreeRTOS/include" -I"P:/MEA4/OSTR/workspace_OSTR/projet_OSTR/TraceRecorder/config" -I"P:/MEA4/OSTR/workspace_OSTR/projet_OSTR/FreeRTOS/portable/GCC/ARM_CM0" -I"P:/MEA4/OSTR/workspace_OSTR/projet_OSTR/TraceRecorder/streamports/Jlink_RTT/include" -I"P:/MEA4/OSTR/workspace_OSTR/projet_OSTR/TraceRecorder/include" -O0 -ffunction-sections -fdata-sections -Wall -fstack-usage -MMD -MP -MF"app/src/stm32f0xx_it.d" -MT"app/src/stm32f0xx_it.o" --specs=nano.specs -mfloat-abi=soft -mthumb -o "app/src/stm32f0xx_it.o"
arm-none-eabi-gcc "../TraceRecorder/streamports/Jlink_RTT/trcStreamingPort.c" -mcpu=cortex-m0 -std=gnu11 -g3 -DSTM32F072xB -c -I"P:/MEA4/OSTR/workspace_OSTR/projet_OSTR/app/inc" -I"P:/MEA4/OSTR/workspace_OSTR/projet_OSTR/bsp/inc" -I"P:/MEA4/OSTR/workspace_OSTR/projet_OSTR/cmsis/core" -I"P:/MEA4/OSTR/workspace_OSTR/projet_OSTR/cmsis/device/inc" -I"P:/MEA4/OSTR/workspace_OSTR/projet_OSTR/FreeRTOS/include" -I"P:/MEA4/OSTR/workspace_OSTR/projet_OSTR/TraceRecorder/config" -I"P:/MEA4/OSTR/workspace_OSTR/projet_OSTR/FreeRTOS/portable/GCC/ARM_CM0" -I"P:/MEA4/OSTR/workspace_OSTR/projet_OSTR/TraceRecorder/streamports/Jlink_RTT/include" -I"P:/MEA4/OSTR/workspace_OSTR/projet_OSTR/TraceRecorder/include" -O0 -ffunction-sections -fdata-sections -Wall -fstack-usage -MMD -MP -MF"TraceRecorder/streamports/Jlink_RTT/trcStreamingPort.d" -MT"TraceRecorder/streamports/Jlink_RTT/trcStreamingPort.o" --specs=nano.specs -mfloat-abi=soft -mthumb -o "TraceRecorder/streamports/Jlink_RTT/trcStreamingPort.o"
arm-none-eabi-gcc "../TraceRecorder/trcKernelPort.c" -mcpu=cortex-m0 -std=gnu11 -g3 -DSTM32F072xB -c -I"P:/MEA4/OSTR/workspace_OSTR/projet_OSTR/app/inc" -I"P:/MEA4/OSTR/workspace_OSTR/projet_OSTR/bsp/inc" -I"P:/MEA4/OSTR/workspace_OSTR/projet_OSTR/cmsis/core" -I"P:/MEA4/OSTR/workspace_OSTR/projet_OSTR/cmsis/device/inc" -I"P:/MEA4/OSTR/workspace_OSTR/projet_OSTR/FreeRTOS/include" -I"P:/MEA4/OSTR/workspace_OSTR/projet_OSTR/TraceRecorder/config" -I"P:/MEA4/OSTR/workspace_OSTR/projet_OSTR/FreeRTOS/portable/GCC/ARM_CM0" -I"P:/MEA4/OSTR/workspace_OSTR/projet_OSTR/TraceRecorder/streamports/Jlink_RTT/include" -I"P:/MEA4/OSTR/workspace_OSTR/projet_OSTR/TraceRecorder/include" -O0 -ffunction-sections -fdata-sections -Wall -fstack-usage -MMD -MP -MF"TraceRecorder/trcKernelPort.d" -MT"TraceRecorder/trcKernelPort.o" --specs=nano.specs -mfloat-abi=soft -mthumb -o "TraceRecorder/trcKernelPort.o"
../TraceRecorder/trcKernelPort.c:320:14: warning: 'pCurrentTCB' defined but not used [-Wunused-variable]
  320 | static void* pCurrentTCB = NULL;
      |              ^~~~~~~~~~~
arm-none-eabi-gcc "../TraceRecorder/trcSnapshotRecorder.c" -mcpu=cortex-m0 -std=gnu11 -g3 -DSTM32F072xB -c -I"P:/MEA4/OSTR/workspace_OSTR/projet_OSTR/app/inc" -I"P:/MEA4/OSTR/workspace_OSTR/projet_OSTR/bsp/inc" -I"P:/MEA4/OSTR/workspace_OSTR/projet_OSTR/cmsis/core" -I"P:/MEA4/OSTR/workspace_OSTR/projet_OSTR/cmsis/device/inc" -I"P:/MEA4/OSTR/workspace_OSTR/projet_OSTR/FreeRTOS/include" -I"P:/MEA4/OSTR/workspace_OSTR/projet_OSTR/TraceRecorder/config" -I"P:/MEA4/OSTR/workspace_OSTR/projet_OSTR/FreeRTOS/portable/GCC/ARM_CM0" -I"P:/MEA4/OSTR/workspace_OSTR/projet_OSTR/TraceRecorder/streamports/Jlink_RTT/include" -I"P:/MEA4/OSTR/workspace_OSTR/projet_OSTR/TraceRecorder/include" -O0 -ffunction-sections -fdata-sections -Wall -fstack-usage -MMD -MP -MF"TraceRecorder/trcSnapshotRecorder.d" -MT"TraceRecorder/trcSnapshotRecorder.o" --specs=nano.specs -mfloat-abi=soft -mthumb -o "TraceRecorder/trcSnapshotRecorder.o"
arm-none-eabi-gcc "../TraceRecorder/trcStreamingRecorder.c" -mcpu=cortex-m0 -std=gnu11 -g3 -DSTM32F072xB -c -I"P:/MEA4/OSTR/workspace_OSTR/projet_OSTR/app/inc" -I"P:/MEA4/OSTR/workspace_OSTR/projet_OSTR/bsp/inc" -I"P:/MEA4/OSTR/workspace_OSTR/projet_OSTR/cmsis/core" -I"P:/MEA4/OSTR/workspace_OSTR/projet_OSTR/cmsis/device/inc" -I"P:/MEA4/OSTR/workspace_OSTR/projet_OSTR/FreeRTOS/include" -I"P:/MEA4/OSTR/workspace_OSTR/projet_OSTR/TraceRecorder/config" -I"P:/MEA4/OSTR/workspace_OSTR/projet_OSTR/FreeRTOS/portable/GCC/ARM_CM0" -I"P:/MEA4/OSTR/workspace_OSTR/projet_OSTR/TraceRecorder/streamports/Jlink_RTT/include" -I"P:/MEA4/OSTR/workspace_OSTR/projet_OSTR/TraceRecorder/include" -O0 -ffunction-sections -fdata-sections -Wall -fstack-usage -MMD -MP -MF"TraceRecorder/trcStreamingRecorder.d" -MT"TraceRecorder/trcStreamingRecorder.o" --specs=nano.specs -mfloat-abi=soft -mthumb -o "TraceRecorder/trcStreamingRecorder.o"
arm-none-eabi-gcc "../FreeRTOS/portable/MemMang/heap_1.c" -mcpu=cortex-m0 -std=gnu11 -g3 -DSTM32F072xB -c -I"P:/MEA4/OSTR/workspace_OSTR/projet_OSTR/app/inc" -I"P:/MEA4/OSTR/workspace_OSTR/projet_OSTR/bsp/inc" -I"P:/MEA4/OSTR/workspace_OSTR/projet_OSTR/cmsis/core" -I"P:/MEA4/OSTR/workspace_OSTR/projet_OSTR/cmsis/device/inc" -I"P:/MEA4/OSTR/workspace_OSTR/projet_OSTR/FreeRTOS/include" -I"P:/MEA4/OSTR/workspace_OSTR/projet_OSTR/TraceRecorder/config" -I"P:/MEA4/OSTR/workspace_OSTR/projet_OSTR/FreeRTOS/portable/GCC/ARM_CM0" -I"P:/MEA4/OSTR/workspace_OSTR/projet_OSTR/TraceRecorder/streamports/Jlink_RTT/include" -I"P:/MEA4/OSTR/workspace_OSTR/projet_OSTR/TraceRecorder/include" -O0 -ffunction-sections -fdata-sections -Wall -fstack-usage -MMD -MP -MF"FreeRTOS/portable/MemMang/heap_1.d" -MT"FreeRTOS/portable/MemMang/heap_1.o" --specs=nano.specs -mfloat-abi=soft -mthumb -o "FreeRTOS/portable/MemMang/heap_1.o"
arm-none-eabi-gcc "../FreeRTOS/portable/GCC/ARM_CM0/port.c" -mcpu=cortex-m0 -std=gnu11 -g3 -DSTM32F072xB -c -I"P:/MEA4/OSTR/workspace_OSTR/projet_OSTR/app/inc" -I"P:/MEA4/OSTR/workspace_OSTR/projet_OSTR/bsp/inc" -I"P:/MEA4/OSTR/workspace_OSTR/projet_OSTR/cmsis/core" -I"P:/MEA4/OSTR/workspace_OSTR/projet_OSTR/cmsis/device/inc" -I"P:/MEA4/OSTR/workspace_OSTR/projet_OSTR/FreeRTOS/include" -I"P:/MEA4/OSTR/workspace_OSTR/projet_OSTR/TraceRecorder/config" -I"P:/MEA4/OSTR/workspace_OSTR/projet_OSTR/FreeRTOS/portable/GCC/ARM_CM0" -I"P:/MEA4/OSTR/workspace_OSTR/projet_OSTR/TraceRecorder/streamports/Jlink_RTT/include" -I"P:/MEA4/OSTR/workspace_OSTR/projet_OSTR/TraceRecorder/include" -O0 -ffunction-sections -fdata-sections -Wall -fstack-usage -MMD -MP -MF"FreeRTOS/portable/GCC/ARM_CM0/port.d" -MT"FreeRTOS/portable/GCC/ARM_CM0/port.o" --specs=nano.specs -mfloat-abi=soft -mthumb -o "FreeRTOS/portable/GCC/ARM_CM0/port.o"
arm-none-eabi-gcc "../FreeRTOS/croutine.c" -mcpu=cortex-m0 -std=gnu11 -g3 -DSTM32F072xB -c -I"P:/MEA4/OSTR/workspace_OSTR/projet_OSTR/app/inc" -I"P:/MEA4/OSTR/workspace_OSTR/projet_OSTR/bsp/inc" -I"P:/MEA4/OSTR/workspace_OSTR/projet_OSTR/cmsis/core" -I"P:/MEA4/OSTR/workspace_OSTR/projet_OSTR/cmsis/device/inc" -I"P:/MEA4/OSTR/workspace_OSTR/projet_OSTR/FreeRTOS/include" -I"P:/MEA4/OSTR/workspace_OSTR/projet_OSTR/TraceRecorder/config" -I"P:/MEA4/OSTR/workspace_OSTR/projet_OSTR/FreeRTOS/portable/GCC/ARM_CM0" -I"P:/MEA4/OSTR/workspace_OSTR/projet_OSTR/TraceRecorder/streamports/Jlink_RTT/include" -I"P:/MEA4/OSTR/workspace_OSTR/projet_OSTR/TraceRecorder/include" -O0 -ffunction-sections -fdata-sections -Wall -fstack-usage -MMD -MP -MF"FreeRTOS/croutine.d" -MT"FreeRTOS/croutine.o" --specs=nano.specs -mfloat-abi=soft -mthumb -o "FreeRTOS/croutine.o"
arm-none-eabi-gcc "../FreeRTOS/event_groups.c" -mcpu=cortex-m0 -std=gnu11 -g3 -DSTM32F072xB -c -I"P:/MEA4/OSTR/workspace_OSTR/projet_OSTR/app/inc" -I"P:/MEA4/OSTR/workspace_OSTR/projet_OSTR/bsp/inc" -I"P:/MEA4/OSTR/workspace_OSTR/projet_OSTR/cmsis/core" -I"P:/MEA4/OSTR/workspace_OSTR/projet_OSTR/cmsis/device/inc" -I"P:/MEA4/OSTR/workspace_OSTR/projet_OSTR/FreeRTOS/include" -I"P:/MEA4/OSTR/workspace_OSTR/projet_OSTR/TraceRecorder/config" -I"P:/MEA4/OSTR/workspace_OSTR/projet_OSTR/FreeRTOS/portable/GCC/ARM_CM0" -I"P:/MEA4/OSTR/workspace_OSTR/projet_OSTR/TraceRecorder/streamports/Jlink_RTT/include" -I"P:/MEA4/OSTR/workspace_OSTR/projet_OSTR/TraceRecorder/include" -O0 -ffunction-sections -fdata-sections -Wall -fstack-usage -MMD -MP -MF"FreeRTOS/event_groups.d" -MT"FreeRTOS/event_groups.o" --specs=nano.specs -mfloat-abi=soft -mthumb -o "FreeRTOS/event_groups.o"
arm-none-eabi-gcc "../FreeRTOS/list.c" -mcpu=cortex-m0 -std=gnu11 -g3 -DSTM32F072xB -c -I"P:/MEA4/OSTR/workspace_OSTR/projet_OSTR/app/inc" -I"P:/MEA4/OSTR/workspace_OSTR/projet_OSTR/bsp/inc" -I"P:/MEA4/OSTR/workspace_OSTR/projet_OSTR/cmsis/core" -I"P:/MEA4/OSTR/workspace_OSTR/projet_OSTR/cmsis/device/inc" -I"P:/MEA4/OSTR/workspace_OSTR/projet_OSTR/FreeRTOS/include" -I"P:/MEA4/OSTR/workspace_OSTR/projet_OSTR/TraceRecorder/config" -I"P:/MEA4/OSTR/workspace_OSTR/projet_OSTR/FreeRTOS/portable/GCC/ARM_CM0" -I"P:/MEA4/OSTR/workspace_OSTR/projet_OSTR/TraceRecorder/streamports/Jlink_RTT/include" -I"P:/MEA4/OSTR/workspace_OSTR/projet_OSTR/TraceRecorder/include" -O0 -ffunction-sections -fdata-sections -Wall -fstack-usage -MMD -MP -MF"FreeRTOS/list.d" -MT"FreeRTOS/list.o" --specs=nano.specs -mfloat-abi=soft -mthumb -o "FreeRTOS/list.o"
arm-none-eabi-gcc "../FreeRTOS/queue.c" -mcpu=cortex-m0 -std=gnu11 -g3 -DSTM32F072xB -c -I"P:/MEA4/OSTR/workspace_OSTR/projet_OSTR/app/inc" -I"P:/MEA4/OSTR/workspace_OSTR/projet_OSTR/bsp/inc" -I"P:/MEA4/OSTR/workspace_OSTR/projet_OSTR/cmsis/core" -I"P:/MEA4/OSTR/workspace_OSTR/projet_OSTR/cmsis/device/inc" -I"P:/MEA4/OSTR/workspace_OSTR/projet_OSTR/FreeRTOS/include" -I"P:/MEA4/OSTR/workspace_OSTR/projet_OSTR/TraceRecorder/config" -I"P:/MEA4/OSTR/workspace_OSTR/projet_OSTR/FreeRTOS/portable/GCC/ARM_CM0" -I"P:/MEA4/OSTR/workspace_OSTR/projet_OSTR/TraceRecorder/streamports/Jlink_RTT/include" -I"P:/MEA4/OSTR/workspace_OSTR/projet_OSTR/TraceRecorder/include" -O0 -ffunction-sections -fdata-sections -Wall -fstack-usage -MMD -MP -MF"FreeRTOS/queue.d" -MT"FreeRTOS/queue.o" --specs=nano.specs -mfloat-abi=soft -mthumb -o "FreeRTOS/queue.o"
arm-none-eabi-gcc "../FreeRTOS/stream_buffer.c" -mcpu=cortex-m0 -std=gnu11 -g3 -DSTM32F072xB -c -I"P:/MEA4/OSTR/workspace_OSTR/projet_OSTR/app/inc" -I"P:/MEA4/OSTR/workspace_OSTR/projet_OSTR/bsp/inc" -I"P:/MEA4/OSTR/workspace_OSTR/projet_OSTR/cmsis/core" -I"P:/MEA4/OSTR/workspace_OSTR/projet_OSTR/cmsis/device/inc" -I"P:/MEA4/OSTR/workspace_OSTR/projet_OSTR/FreeRTOS/include" -I"P:/MEA4/OSTR/workspace_OSTR/projet_OSTR/TraceRecorder/config" -I"P:/MEA4/OSTR/workspace_OSTR/projet_OSTR/FreeRTOS/portable/GCC/ARM_CM0" -I"P:/MEA4/OSTR/workspace_OSTR/projet_OSTR/TraceRecorder/streamports/Jlink_RTT/include" -I"P:/MEA4/OSTR/workspace_OSTR/projet_OSTR/TraceRecorder/include" -O0 -ffunction-sections -fdata-sections -Wall -fstack-usage -MMD -MP -MF"FreeRTOS/stream_buffer.d" -MT"FreeRTOS/stream_buffer.o" --specs=nano.specs -mfloat-abi=soft -mthumb -o "FreeRTOS/stream_buffer.o"
arm-none-eabi-gcc "../FreeRTOS/tasks.c" -mcpu=cortex-m0 -std=gnu11 -g3 -DSTM32F072xB -c -I"P:/MEA4/OSTR/workspace_OSTR/projet_OSTR/app/inc" -I"P:/MEA4/OSTR/workspace_OSTR/projet_OSTR/bsp/inc" -I"P:/MEA4/OSTR/workspace_OSTR/projet_OSTR/cmsis/core" -I"P:/MEA4/OSTR/workspace_OSTR/projet_OSTR/cmsis/device/inc" -I"P:/MEA4/OSTR/workspace_OSTR/projet_OSTR/FreeRTOS/include" -I"P:/MEA4/OSTR/workspace_OSTR/projet_OSTR/TraceRecorder/config" -I"P:/MEA4/OSTR/workspace_OSTR/projet_OSTR/FreeRTOS/portable/GCC/ARM_CM0" -I"P:/MEA4/OSTR/workspace_OSTR/projet_OSTR/TraceRecorder/streamports/Jlink_RTT/include" -I"P:/MEA4/OSTR/workspace_OSTR/projet_OSTR/TraceRecorder/include" -O0 -ffunction-sections -fdata-sections -Wall -fstack-usage -MMD -MP -MF"FreeRTOS/tasks.d" -MT"FreeRTOS/tasks.o" --specs=nano.specs -mfloat-abi=soft -mthumb -o "FreeRTOS/tasks.o"
arm-none-eabi-gcc "../FreeRTOS/timers.c" -mcpu=cortex-m0 -std=gnu11 -g3 -DSTM32F072xB -c -I"P:/MEA4/OSTR/workspace_OSTR/projet_OSTR/app/inc" -I"P:/MEA4/OSTR/workspace_OSTR/projet_OSTR/bsp/inc" -I"P:/MEA4/OSTR/workspace_OSTR/projet_OSTR/cmsis/core" -I"P:/MEA4/OSTR/workspace_OSTR/projet_OSTR/cmsis/device/inc" -I"P:/MEA4/OSTR/workspace_OSTR/projet_OSTR/FreeRTOS/include" -I"P:/MEA4/OSTR/workspace_OSTR/projet_OSTR/TraceRecorder/config" -I"P:/MEA4/OSTR/workspace_OSTR/projet_OSTR/FreeRTOS/portable/GCC/ARM_CM0" -I"P:/MEA4/OSTR/workspace_OSTR/projet_OSTR/TraceRecorder/streamports/Jlink_RTT/include" -I"P:/MEA4/OSTR/workspace_OSTR/projet_OSTR/TraceRecorder/include" -O0 -ffunction-sections -fdata-sections -Wall -fstack-usage -MMD -MP -MF"FreeRTOS/timers.d" -MT"FreeRTOS/timers.o" --specs=nano.specs -mfloat-abi=soft -mthumb -o "FreeRTOS/timers.o"
arm-none-eabi-gcc -o "projet_OSTR.elf" @"objects.list"   -mcpu=cortex-m0 -T"P:\MEA4\OSTR\workspace_OSTR\projet_OSTR\STM32F072RBTx_FLASH.ld" --specs=nosys.specs -Wl,-Map="projet_OSTR.map" -Wl,--gc-sections -static --specs=nano.specs -mfloat-abi=soft -mthumb -Wl,--start-group -lc -lm -Wl,--end-group
Finished building target: projet_OSTR.elf
 
arm-none-eabi-objdump -h -S  projet_OSTR.elf  > "projet_OSTR.list"
Finished building: projet_OSTR.list
 
arm-none-eabi-objcopy  -O binary  projet_OSTR.elf  "projet_OSTR.bin"
Finished building: projet_OSTR.bin
 
arm-none-eabi-size   projet_OSTR.elf 
   text	   data	    bss	    dec	    hex	filename
  28184	     32	  15352	  43568	   aa30	projet_OSTR.elf
Finished building: default.size.stdout
 
19:01:26 **** Incremental Build of configuration Debug for project projet_OSTR ****
make all 
arm-none-eabi-gcc "../bsp/src/bsp.c" -mcpu=cortex-m0 -std=gnu11 -g3 -DSTM32F072xB -c -I"P:/MEA4/OSTR/workspace_OSTR/projet_OSTR/app/inc" -I"P:/MEA4/OSTR/workspace_OSTR/projet_OSTR/bsp/inc" -I"P:/MEA4/OSTR/workspace_OSTR/projet_OSTR/cmsis/core" -I"P:/MEA4/OSTR/workspace_OSTR/projet_OSTR/cmsis/device/inc" -I"P:/MEA4/OSTR/workspace_OSTR/projet_OSTR/FreeRTOS/include" -I"P:/MEA4/OSTR/workspace_OSTR/projet_OSTR/TraceRecorder/config" -I"P:/MEA4/OSTR/workspace_OSTR/projet_OSTR/FreeRTOS/portable/GCC/ARM_CM0" -I"P:/MEA4/OSTR/workspace_OSTR/projet_OSTR/TraceRecorder/streamports/Jlink_RTT/include" -I"P:/MEA4/OSTR/workspace_OSTR/projet_OSTR/TraceRecorder/include" -O0 -ffunction-sections -fdata-sections -Wall -fstack-usage -MMD -MP -MF"bsp/src/bsp.d" -MT"bsp/src/bsp.o" --specs=nano.specs -mfloat-abi=soft -mthumb -o "bsp/src/bsp.o"
arm-none-eabi-gcc "../bsp/src/factory_io.c" -mcpu=cortex-m0 -std=gnu11 -g3 -DSTM32F072xB -c -I"P:/MEA4/OSTR/workspace_OSTR/projet_OSTR/app/inc" -I"P:/MEA4/OSTR/workspace_OSTR/projet_OSTR/bsp/inc" -I"P:/MEA4/OSTR/workspace_OSTR/projet_OSTR/cmsis/core" -I"P:/MEA4/OSTR/workspace_OSTR/projet_OSTR/cmsis/device/inc" -I"P:/MEA4/OSTR/workspace_OSTR/projet_OSTR/FreeRTOS/include" -I"P:/MEA4/OSTR/workspace_OSTR/projet_OSTR/TraceRecorder/config" -I"P:/MEA4/OSTR/workspace_OSTR/projet_OSTR/FreeRTOS/portable/GCC/ARM_CM0" -I"P:/MEA4/OSTR/workspace_OSTR/projet_OSTR/TraceRecorder/streamports/Jlink_RTT/include" -I"P:/MEA4/OSTR/workspace_OSTR/projet_OSTR/TraceRecorder/include" -O0 -ffunction-sections -fdata-sections -Wall -fstack-usage -MMD -MP -MF"bsp/src/factory_io.d" -MT"bsp/src/factory_io.o" --specs=nano.specs -mfloat-abi=soft -mthumb -o "bsp/src/factory_io.o"
arm-none-eabi-gcc "../app/src/events.c" -mcpu=cortex-m0 -std=gnu11 -g3 -DSTM32F072xB -c -I"P:/MEA4/OSTR/workspace_OSTR/projet_OSTR/app/inc" -I"P:/MEA4/OSTR/workspace_OSTR/projet_OSTR/bsp/inc" -I"P:/MEA4/OSTR/workspace_OSTR/projet_OSTR/cmsis/core" -I"P:/MEA4/OSTR/workspace_OSTR/projet_OSTR/cmsis/device/inc" -I"P:/MEA4/OSTR/workspace_OSTR/projet_OSTR/FreeRTOS/include" -I"P:/MEA4/OSTR/workspace_OSTR/projet_OSTR/TraceRecorder/config" -I"P:/MEA4/OSTR/workspace_OSTR/projet_OSTR/FreeRTOS/portable/GCC/ARM_CM0" -I"P:/MEA4/OSTR/workspace_OSTR/projet_OSTR/TraceRecorder/streamports/Jlink_RTT/include" -I"P:/MEA4/OSTR/workspace_OSTR/projet_OSTR/TraceRecorder/include" -O0 -ffunction-sections -fdata-sections -Wall -fstack-usage -MMD -MP -MF"app/src/events.d" -MT"app/src/events.o" --specs=nano.specs -mfloat-abi=soft -mthumb -o "app/src/events.o"
arm-none-eabi-gcc "../app/src/main.c" -mcpu=cortex-m0 -std=gnu11 -g3 -DSTM32F072xB -c -I"P:/MEA4/OSTR/workspace_OSTR/projet_OSTR/app/inc" -I"P:/MEA4/OSTR/workspace_OSTR/projet_OSTR/bsp/inc" -I"P:/MEA4/OSTR/workspace_OSTR/projet_OSTR/cmsis/core" -I"P:/MEA4/OSTR/workspace_OSTR/projet_OSTR/cmsis/device/inc" -I"P:/MEA4/OSTR/workspace_OSTR/projet_OSTR/FreeRTOS/include" -I"P:/MEA4/OSTR/workspace_OSTR/projet_OSTR/TraceRecorder/config" -I"P:/MEA4/OSTR/workspace_OSTR/projet_OSTR/FreeRTOS/portable/GCC/ARM_CM0" -I"P:/MEA4/OSTR/workspace_OSTR/projet_OSTR/TraceRecorder/streamports/Jlink_RTT/include" -I"P:/MEA4/OSTR/workspace_OSTR/projet_OSTR/TraceRecorder/include" -O0 -ffunction-sections -fdata-sections -Wall -fstack-usage -MMD -MP -MF"app/src/main.d" -MT"app/src/main.o" --specs=nano.specs -mfloat-abi=soft -mthumb -o "app/src/main.o"
arm-none-eabi-gcc "../app/src/printf-stdarg.c" -mcpu=cortex-m0 -std=gnu11 -g3 -DSTM32F072xB -c -I"P:/MEA4/OSTR/workspace_OSTR/projet_OSTR/app/inc" -I"P:/MEA4/OSTR/workspace_OSTR/projet_OSTR/bsp/inc" -I"P:/MEA4/OSTR/workspace_OSTR/projet_OSTR/cmsis/core" -I"P:/MEA4/OSTR/workspace_OSTR/projet_OSTR/cmsis/device/inc" -I"P:/MEA4/OSTR/workspace_OSTR/projet_OSTR/FreeRTOS/include" -I"P:/MEA4/OSTR/workspace_OSTR/projet_OSTR/TraceRecorder/config" -I"P:/MEA4/OSTR/workspace_OSTR/projet_OSTR/FreeRTOS/portable/GCC/ARM_CM0" -I"P:/MEA4/OSTR/workspace_OSTR/projet_OSTR/TraceRecorder/streamports/Jlink_RTT/include" -I"P:/MEA4/OSTR/workspace_OSTR/projet_OSTR/TraceRecorder/include" -O0 -ffunction-sections -fdata-sections -Wall -fstack-usage -MMD -MP -MF"app/src/printf-stdarg.d" -MT"app/src/printf-stdarg.o" --specs=nano.specs -mfloat-abi=soft -mthumb -o "app/src/printf-stdarg.o"
arm-none-eabi-gcc "../app/src/stm32f0xx_it.c" -mcpu=cortex-m0 -std=gnu11 -g3 -DSTM32F072xB -c -I"P:/MEA4/OSTR/workspace_OSTR/projet_OSTR/app/inc" -I"P:/MEA4/OSTR/workspace_OSTR/projet_OSTR/bsp/inc" -I"P:/MEA4/OSTR/workspace_OSTR/projet_OSTR/cmsis/core" -I"P:/MEA4/OSTR/workspace_OSTR/projet_OSTR/cmsis/device/inc" -I"P:/MEA4/OSTR/workspace_OSTR/projet_OSTR/FreeRTOS/include" -I"P:/MEA4/OSTR/workspace_OSTR/projet_OSTR/TraceRecorder/config" -I"P:/MEA4/OSTR/workspace_OSTR/projet_OSTR/FreeRTOS/portable/GCC/ARM_CM0" -I"P:/MEA4/OSTR/workspace_OSTR/projet_OSTR/TraceRecorder/streamports/Jlink_RTT/include" -I"P:/MEA4/OSTR/workspace_OSTR/projet_OSTR/TraceRecorder/include" -O0 -ffunction-sections -fdata-sections -Wall -fstack-usage -MMD -MP -MF"app/src/stm32f0xx_it.d" -MT"app/src/stm32f0xx_it.o" --specs=nano.specs -mfloat-abi=soft -mthumb -o "app/src/stm32f0xx_it.o"
arm-none-eabi-gcc "../TraceRecorder/streamports/Jlink_RTT/trcStreamingPort.c" -mcpu=cortex-m0 -std=gnu11 -g3 -DSTM32F072xB -c -I"P:/MEA4/OSTR/workspace_OSTR/projet_OSTR/app/inc" -I"P:/MEA4/OSTR/workspace_OSTR/projet_OSTR/bsp/inc" -I"P:/MEA4/OSTR/workspace_OSTR/projet_OSTR/cmsis/core" -I"P:/MEA4/OSTR/workspace_OSTR/projet_OSTR/cmsis/device/inc" -I"P:/MEA4/OSTR/workspace_OSTR/projet_OSTR/FreeRTOS/include" -I"P:/MEA4/OSTR/workspace_OSTR/projet_OSTR/TraceRecorder/config" -I"P:/MEA4/OSTR/workspace_OSTR/projet_OSTR/FreeRTOS/portable/GCC/ARM_CM0" -I"P:/MEA4/OSTR/workspace_OSTR/projet_OSTR/TraceRecorder/streamports/Jlink_RTT/include" -I"P:/MEA4/OSTR/workspace_OSTR/projet_OSTR/TraceRecorder/include" -O0 -ffunction-sections -fdata-sections -Wall -fstack-usage -MMD -MP -MF"TraceRecorder/streamports/Jlink_RTT/trcStreamingPort.d" -MT"TraceRecorder/streamports/Jlink_RTT/trcStreamingPort.o" --specs=nano.specs -mfloat-abi=soft -mthumb -o "TraceRecorder/streamports/Jlink_RTT/trcStreamingPort.o"
[...]
arm-none-eabi-gcc "../app/src/main.c" -mcpu=cortex-m0 -std=gnu11 -g3 -DSTM32F072xB -c -I"P:/MEA4/OSTR/workspace_OSTR/projet_OSTR/app/inc" -I"P:/MEA4/OSTR/workspace_OSTR/projet_OSTR/bsp/inc" -I"P:/MEA4/OSTR/workspace_OSTR/projet_OSTR/cmsis/core" -I"P:/MEA4/OSTR/workspace_OSTR/projet_OSTR/cmsis/device/inc" -I"P:/MEA4/OSTR/workspace_OSTR/projet_OSTR/FreeRTOS/include" -I"P:/MEA4/OSTR/workspace_OSTR/projet_OSTR/TraceRecorder/config" -I"P:/MEA4/OSTR/workspace_OSTR/projet_OSTR/FreeRTOS/portable/GCC/ARM_CM0" -I"P:/MEA4/OSTR/workspace_OSTR/projet_OSTR/TraceRecorder/streamports/Jlink_RTT/include" -I"P:/MEA4/OSTR/workspace_OSTR/projet_OSTR/TraceRecorder/include" -O0 -ffunction-sections -fdata-sections -Wall -fstack-usage -MMD -MP -MF"app/src/main.d" -MT"app/src/main.o" --specs=nano.specs -mfloat-abi=soft -mthumb -o "app/src/main.o"
arm-none-eabi-gcc "../app/src/printf-stdarg.c" -mcpu=cortex-m0 -std=gnu11 -g3 -DSTM32F072xB -c -I"P:/MEA4/OSTR/workspace_OSTR/projet_OSTR/app/inc" -I"P:/MEA4/OSTR/workspace_OSTR/projet_OSTR/bsp/inc" -I"P:/MEA4/OSTR/workspace_OSTR/projet_OSTR/cmsis/core" -I"P:/MEA4/OSTR/workspace_OSTR/projet_OSTR/cmsis/device/inc" -I"P:/MEA4/OSTR/workspace_OSTR/projet_OSTR/FreeRTOS/include" -I"P:/MEA4/OSTR/workspace_OSTR/projet_OSTR/TraceRecorder/config" -I"P:/MEA4/OSTR/workspace_OSTR/projet_OSTR/FreeRTOS/portable/GCC/ARM_CM0" -I"P:/MEA4/OSTR/workspace_OSTR/projet_OSTR/TraceRecorder/streamports/Jlink_RTT/include" -I"P:/MEA4/OSTR/workspace_OSTR/projet_OSTR/TraceRecorder/include" -O0 -ffunction-sections -fdata-sections -Wall -fstack-usage -MMD -MP -MF"app/src/printf-stdarg.d" -MT"app/src/printf-stdarg.o" --specs=nano.specs -mfloat-abi=soft -mthumb -o "app/src/printf-stdarg.o"
arm-none-eabi-gcc "../app/src/stm32f0xx_it.c" -mcpu=cortex-m0 -std=gnu11 -g3 -DSTM32F072xB -c -I"P:/MEA4/OSTR/workspace_OSTR/projet_OSTR/app/inc" -I"P:/MEA4/OSTR/workspace_OSTR/projet_OSTR/bsp/inc" -I"P:/MEA4/OSTR/workspace_OSTR/projet_OSTR/cmsis/core" -I"P:/MEA4/OSTR/workspace_OSTR/projet_OSTR/cmsis/device/inc" -I"P:/MEA4/OSTR/workspace_OSTR/projet_OSTR/FreeRTOS/include" -I"P:/MEA4/OSTR/workspace_OSTR/projet_OSTR/TraceRecorder/config" -I"P:/MEA4/OSTR/workspace_OSTR/projet_OSTR/FreeRTOS/portable/GCC/ARM_CM0" -I"P:/MEA4/OSTR/workspace_OSTR/projet_OSTR/TraceRecorder/streamports/Jlink_RTT/include" -I"P:/MEA4/OSTR/workspace_OSTR/projet_OSTR/TraceRecorder/include" -O0 -ffunction-sections -fdata-sections -Wall -fstack-usage -MMD -MP -MF"app/src/stm32f0xx_it.d" -MT"app/src/stm32f0xx_it.o" --specs=nano.specs -mfloat-abi=soft -mthumb -o "app/src/stm32f0xx_it.o"
arm-none-eabi-gcc "../TraceRecorder/streamports/Jlink_RTT/trcStreamingPort.c" -mcpu=cortex-m0 -std=gnu11 -g3 -DSTM32F072xB -c -I"P:/MEA4/OSTR/workspace_OSTR/projet_OSTR/app/inc" -I"P:/MEA4/OSTR/workspace_OSTR/projet_OSTR/bsp/inc" -I"P:/MEA4/OSTR/workspace_OSTR/projet_OSTR/cmsis/core" -I"P:/MEA4/OSTR/workspace_OSTR/projet_OSTR/cmsis/device/inc" -I"P:/MEA4/OSTR/workspace_OSTR/projet_OSTR/FreeRTOS/include" -I"P:/MEA4/OSTR/workspace_OSTR/projet_OSTR/TraceRecorder/config" -I"P:/MEA4/OSTR/workspace_OSTR/projet_OSTR/FreeRTOS/portable/GCC/ARM_CM0" -I"P:/MEA4/OSTR/workspace_OSTR/projet_OSTR/TraceRecorder/streamports/Jlink_RTT/include" -I"P:/MEA4/OSTR/workspace_OSTR/projet_OSTR/TraceRecorder/include" -O0 -ffunction-sections -fdata-sections -Wall -fstack-usage -MMD -MP -MF"TraceRecorder/streamports/Jlink_RTT/trcStreamingPort.d" -MT"TraceRecorder/streamports/Jlink_RTT/trcStreamingPort.o" --specs=nano.specs -mfloat-abi=soft -mthumb -o "TraceRecorder/streamports/Jlink_RTT/trcStreamingPort.o"
arm-none-eabi-gcc "../TraceRecorder/trcKernelPort.c" -mcpu=cortex-m0 -std=gnu11 -g3 -DSTM32F072xB -c -I"P:/MEA4/OSTR/workspace_OSTR/projet_OSTR/app/inc" -I"P:/MEA4/OSTR/workspace_OSTR/projet_OSTR/bsp/inc" -I"P:/MEA4/OSTR/workspace_OSTR/projet_OSTR/cmsis/core" -I"P:/MEA4/OSTR/workspace_OSTR/projet_OSTR/cmsis/device/inc" -I"P:/MEA4/OSTR/workspace_OSTR/projet_OSTR/FreeRTOS/include" -I"P:/MEA4/OSTR/workspace_OSTR/projet_OSTR/TraceRecorder/config" -I"P:/MEA4/OSTR/workspace_OSTR/projet_OSTR/FreeRTOS/portable/GCC/ARM_CM0" -I"P:/MEA4/OSTR/workspace_OSTR/projet_OSTR/TraceRecorder/streamports/Jlink_RTT/include" -I"P:/MEA4/OSTR/workspace_OSTR/projet_OSTR/TraceRecorder/include" -O0 -ffunction-sections -fdata-sections -Wall -fstack-usage -MMD -MP -MF"TraceRecorder/trcKernelPort.d" -MT"TraceRecorder/trcKernelPort.o" --specs=nano.specs -mfloat-abi=soft -mthumb -o "TraceRecorder/trcKernelPort.o"
../TraceRecorder/trcKernelPort.c:320:14: warning: 'pCurrentTCB' defined but not used [-Wunused-variable]
  320 | static void* pCurrentTCB = NULL;
      |              ^~~~~~~~~~~
arm-none-eabi-gcc "../TraceRecorder/trcSnapshotRecorder.c" -mcpu=cortex-m0 -std=gnu11 -g3 -DSTM32F072xB -c -I"P:/MEA4/OSTR/workspace_OSTR/projet_OSTR/app/inc" -I"P:/MEA4/OSTR/workspace_OSTR/projet_OSTR/bsp/inc" -I"P:/MEA4/OSTR/workspace_OSTR/projet_OSTR/cmsis/core" -I"P:/MEA4/OSTR/workspace_OSTR/projet_OSTR/cmsis/device/inc" -I"P:/MEA4/OSTR/workspace_OSTR/projet_OSTR/FreeRTOS/include" -I"P:/MEA4/OSTR/workspace_OSTR/projet_OSTR/TraceRecorder/config" -I"P:/MEA4/OSTR/workspace_OSTR/projet_OSTR/FreeRTOS/portable/GCC/ARM_CM0" -I"P:/MEA4/OSTR/workspace_OSTR/projet_OSTR/TraceRecorder/streamports/Jlink_RTT/include" -I"P:/MEA4/OSTR/workspace_OSTR/projet_OSTR/TraceRecorder/include" -O0 -ffunction-sections -fdata-sections -Wall -fstack-usage -MMD -MP -MF"TraceRecorder/trcSnapshotRecorder.d" -MT"TraceRecorder/trcSnapshotRecorder.o" --specs=nano.specs -mfloat-abi=soft -mthumb -o "TraceRecorder/trcSnapshotRecorder.o"
arm-none-eabi-gcc "../TraceRecorder/trcStreamingRecorder.c" -mcpu=cortex-m0 -std=gnu11 -g3 -DSTM32F072xB -c -I"P:/MEA4/OSTR/workspace_OSTR/projet_OSTR/app/inc" -I"P:/MEA4/OSTR/workspace_OSTR/projet_OSTR/bsp/inc" -I"P:/MEA4/OSTR/workspace_OSTR/projet_OSTR/cmsis/core" -I"P:/MEA4/OSTR/workspace_OSTR/projet_OSTR/cmsis/device/inc" -I"P:/MEA4/OSTR/workspace_OSTR/projet_OSTR/FreeRTOS/include" -I"P:/MEA4/OSTR/workspace_OSTR/projet_OSTR/TraceRecorder/config" -I"P:/MEA4/OSTR/workspace_OSTR/projet_OSTR/FreeRTOS/portable/GCC/ARM_CM0" -I"P:/MEA4/OSTR/workspace_OSTR/projet_OSTR/TraceRecorder/streamports/Jlink_RTT/include" -I"P:/MEA4/OSTR/workspace_OSTR/projet_OSTR/TraceRecorder/include" -O0 -ffunction-sections -fdata-sections -Wall -fstack-usage -MMD -MP -MF"TraceRecorder/trcStreamingRecorder.d" -MT"TraceRecorder/trcStreamingRecorder.o" --specs=nano.specs -mfloat-abi=soft -mthumb -o "TraceRecorder/trcStreamingRecorder.o"
arm-none-eabi-gcc "../FreeRTOS/portable/MemMang/heap_1.c" -mcpu=cortex-m0 -std=gnu11 -g3 -DSTM32F072xB -c -I"P:/MEA4/OSTR/workspace_OSTR/projet_OSTR/app/inc" -I"P:/MEA4/OSTR/workspace_OSTR/projet_OSTR/bsp/inc" -I"P:/MEA4/OSTR/workspace_OSTR/projet_OSTR/cmsis/core" -I"P:/MEA4/OSTR/workspace_OSTR/projet_OSTR/cmsis/device/inc" -I"P:/MEA4/OSTR/workspace_OSTR/projet_OSTR/FreeRTOS/include" -I"P:/MEA4/OSTR/workspace_OSTR/projet_OSTR/TraceRecorder/config" -I"P:/MEA4/OSTR/workspace_OSTR/projet_OSTR/FreeRTOS/portable/GCC/ARM_CM0" -I"P:/MEA4/OSTR/workspace_OSTR/projet_OSTR/TraceRecorder/streamports/Jlink_RTT/include" -I"P:/MEA4/OSTR/workspace_OSTR/projet_OSTR/TraceRecorder/include" -O0 -ffunction-sections -fdata-sections -Wall -fstack-usage -MMD -MP -MF"FreeRTOS/portable/MemMang/heap_1.d" -MT"FreeRTOS/portable/MemMang/heap_1.o" --specs=nano.specs -mfloat-abi=soft -mthumb -o "FreeRTOS/portable/MemMang/heap_1.o"
arm-none-eabi-gcc "../FreeRTOS/portable/GCC/ARM_CM0/port.c" -mcpu=cortex-m0 -std=gnu11 -g3 -DSTM32F072xB -c -I"P:/MEA4/OSTR/workspace_OSTR/projet_OSTR/app/inc" -I"P:/MEA4/OSTR/workspace_OSTR/projet_OSTR/bsp/inc" -I"P:/MEA4/OSTR/workspace_OSTR/projet_OSTR/cmsis/core" -I"P:/MEA4/OSTR/workspace_OSTR/projet_OSTR/cmsis/device/inc" -I"P:/MEA4/OSTR/workspace_OSTR/projet_OSTR/FreeRTOS/include" -I"P:/MEA4/OSTR/workspace_OSTR/projet_OSTR/TraceRecorder/config" -I"P:/MEA4/OSTR/workspace_OSTR/projet_OSTR/FreeRTOS/portable/GCC/ARM_CM0" -I"P:/MEA4/OSTR/workspace_OSTR/projet_OSTR/TraceRecorder/streamports/Jlink_RTT/include" -I"P:/MEA4/OSTR/workspace_OSTR/projet_OSTR/TraceRecorder/include" -O0 -ffunction-sections -fdata-sections -Wall -fstack-usage -MMD -MP -MF"FreeRTOS/portable/GCC/ARM_CM0/port.d" -MT"FreeRTOS/portable/GCC/ARM_CM0/port.o" --specs=nano.specs -mfloat-abi=soft -mthumb -o "FreeRTOS/portable/GCC/ARM_CM0/port.o"
arm-none-eabi-gcc "../FreeRTOS/croutine.c" -mcpu=cortex-m0 -std=gnu11 -g3 -DSTM32F072xB -c -I"P:/MEA4/OSTR/workspace_OSTR/projet_OSTR/app/inc" -I"P:/MEA4/OSTR/workspace_OSTR/projet_OSTR/bsp/inc" -I"P:/MEA4/OSTR/workspace_OSTR/projet_OSTR/cmsis/core" -I"P:/MEA4/OSTR/workspace_OSTR/projet_OSTR/cmsis/device/inc" -I"P:/MEA4/OSTR/workspace_OSTR/projet_OSTR/FreeRTOS/include" -I"P:/MEA4/OSTR/workspace_OSTR/projet_OSTR/TraceRecorder/config" -I"P:/MEA4/OSTR/workspace_OSTR/projet_OSTR/FreeRTOS/portable/GCC/ARM_CM0" -I"P:/MEA4/OSTR/workspace_OSTR/projet_OSTR/TraceRecorder/streamports/Jlink_RTT/include" -I"P:/MEA4/OSTR/workspace_OSTR/projet_OSTR/TraceRecorder/include" -O0 -ffunction-sections -fdata-sections -Wall -fstack-usage -MMD -MP -MF"FreeRTOS/croutine.d" -MT"FreeRTOS/croutine.o" --specs=nano.specs -mfloat-abi=soft -mthumb -o "FreeRTOS/croutine.o"
arm-none-eabi-gcc "../FreeRTOS/event_groups.c" -mcpu=cortex-m0 -std=gnu11 -g3 -DSTM32F072xB -c -I"P:/MEA4/OSTR/workspace_OSTR/projet_OSTR/app/inc" -I"P:/MEA4/OSTR/workspace_OSTR/projet_OSTR/bsp/inc" -I"P:/MEA4/OSTR/workspace_OSTR/projet_OSTR/cmsis/core" -I"P:/MEA4/OSTR/workspace_OSTR/projet_OSTR/cmsis/device/inc" -I"P:/MEA4/OSTR/workspace_OSTR/projet_OSTR/FreeRTOS/include" -I"P:/MEA4/OSTR/workspace_OSTR/projet_OSTR/TraceRecorder/config" -I"P:/MEA4/OSTR/workspace_OSTR/projet_OSTR/FreeRTOS/portable/GCC/ARM_CM0" -I"P:/MEA4/OSTR/workspace_OSTR/projet_OSTR/TraceRecorder/streamports/Jlink_RTT/include" -I"P:/MEA4/OSTR/workspace_OSTR/projet_OSTR/TraceRecorder/include" -O0 -ffunction-sections -fdata-sections -Wall -fstack-usage -MMD -MP -MF"FreeRTOS/event_groups.d" -MT"FreeRTOS/event_groups.o" --specs=nano.specs -mfloat-abi=soft -mthumb -o "FreeRTOS/event_groups.o"
arm-none-eabi-gcc "../FreeRTOS/list.c" -mcpu=cortex-m0 -std=gnu11 -g3 -DSTM32F072xB -c -I"P:/MEA4/OSTR/workspace_OSTR/projet_OSTR/app/inc" -I"P:/MEA4/OSTR/workspace_OSTR/projet_OSTR/bsp/inc" -I"P:/MEA4/OSTR/workspace_OSTR/projet_OSTR/cmsis/core" -I"P:/MEA4/OSTR/workspace_OSTR/projet_OSTR/cmsis/device/inc" -I"P:/MEA4/OSTR/workspace_OSTR/projet_OSTR/FreeRTOS/include" -I"P:/MEA4/OSTR/workspace_OSTR/projet_OSTR/TraceRecorder/config" -I"P:/MEA4/OSTR/workspace_OSTR/projet_OSTR/FreeRTOS/portable/GCC/ARM_CM0" -I"P:/MEA4/OSTR/workspace_OSTR/projet_OSTR/TraceRecorder/streamports/Jlink_RTT/include" -I"P:/MEA4/OSTR/workspace_OSTR/projet_OSTR/TraceRecorder/include" -O0 -ffunction-sections -fdata-sections -Wall -fstack-usage -MMD -MP -MF"FreeRTOS/list.d" -MT"FreeRTOS/list.o" --specs=nano.specs -mfloat-abi=soft -mthumb -o "FreeRTOS/list.o"
arm-none-eabi-gcc "../FreeRTOS/queue.c" -mcpu=cortex-m0 -std=gnu11 -g3 -DSTM32F072xB -c -I"P:/MEA4/OSTR/workspace_OSTR/projet_OSTR/app/inc" -I"P:/MEA4/OSTR/workspace_OSTR/projet_OSTR/bsp/inc" -I"P:/MEA4/OSTR/workspace_OSTR/projet_OSTR/cmsis/core" -I"P:/MEA4/OSTR/workspace_OSTR/projet_OSTR/cmsis/device/inc" -I"P:/MEA4/OSTR/workspace_OSTR/projet_OSTR/FreeRTOS/include" -I"P:/MEA4/OSTR/workspace_OSTR/projet_OSTR/TraceRecorder/config" -I"P:/MEA4/OSTR/workspace_OSTR/projet_OSTR/FreeRTOS/portable/GCC/ARM_CM0" -I"P:/MEA4/OSTR/workspace_OSTR/projet_OSTR/TraceRecorder/streamports/Jlink_RTT/include" -I"P:/MEA4/OSTR/workspace_OSTR/projet_OSTR/TraceRecorder/include" -O0 -ffunction-sections -fdata-sections -Wall -fstack-usage -MMD -MP -MF"FreeRTOS/queue.d" -MT"FreeRTOS/queue.o" --specs=nano.specs -mfloat-abi=soft -mthumb -o "FreeRTOS/queue.o"
arm-none-eabi-gcc "../FreeRTOS/stream_buffer.c" -mcpu=cortex-m0 -std=gnu11 -g3 -DSTM32F072xB -c -I"P:/MEA4/OSTR/workspace_OSTR/projet_OSTR/app/inc" -I"P:/MEA4/OSTR/workspace_OSTR/projet_OSTR/bsp/inc" -I"P:/MEA4/OSTR/workspace_OSTR/projet_OSTR/cmsis/core" -I"P:/MEA4/OSTR/workspace_OSTR/projet_OSTR/cmsis/device/inc" -I"P:/MEA4/OSTR/workspace_OSTR/projet_OSTR/FreeRTOS/include" -I"P:/MEA4/OSTR/workspace_OSTR/projet_OSTR/TraceRecorder/config" -I"P:/MEA4/OSTR/workspace_OSTR/projet_OSTR/FreeRTOS/portable/GCC/ARM_CM0" -I"P:/MEA4/OSTR/workspace_OSTR/projet_OSTR/TraceRecorder/streamports/Jlink_RTT/include" -I"P:/MEA4/OSTR/workspace_OSTR/projet_OSTR/TraceRecorder/include" -O0 -ffunction-sections -fdata-sections -Wall -fstack-usage -MMD -MP -MF"FreeRTOS/stream_buffer.d" -MT"FreeRTOS/stream_buffer.o" --specs=nano.specs -mfloat-abi=soft -mthumb -o "FreeRTOS/stream_buffer.o"
arm-none-eabi-gcc "../FreeRTOS/tasks.c" -mcpu=cortex-m0 -std=gnu11 -g3 -DSTM32F072xB -c -I"P:/MEA4/OSTR/workspace_OSTR/projet_OSTR/app/inc" -I"P:/MEA4/OSTR/workspace_OSTR/projet_OSTR/bsp/inc" -I"P:/MEA4/OSTR/workspace_OSTR/projet_OSTR/cmsis/core" -I"P:/MEA4/OSTR/workspace_OSTR/projet_OSTR/cmsis/device/inc" -I"P:/MEA4/OSTR/workspace_OSTR/projet_OSTR/FreeRTOS/include" -I"P:/MEA4/OSTR/workspace_OSTR/projet_OSTR/TraceRecorder/config" -I"P:/MEA4/OSTR/workspace_OSTR/projet_OSTR/FreeRTOS/portable/GCC/ARM_CM0" -I"P:/MEA4/OSTR/workspace_OSTR/projet_OSTR/TraceRecorder/streamports/Jlink_RTT/include" -I"P:/MEA4/OSTR/workspace_OSTR/projet_OSTR/TraceRecorder/include" -O0 -ffunction-sections -fdata-sections -Wall -fstack-usage -MMD -MP -MF"FreeRTOS/tasks.d" -MT"FreeRTOS/tasks.o" --specs=nano.specs -mfloat-abi=soft -mthumb -o "FreeRTOS/tasks.o"
arm-none-eabi-gcc "../FreeRTOS/timers.c" -mcpu=cortex-m0 -std=gnu11 -g3 -DSTM32F072xB -c -I"P:/MEA4/OSTR/workspace_OSTR/projet_OSTR/app/inc" -I"P:/MEA4/OSTR/workspace_OSTR/projet_OSTR/bsp/inc" -I"P:/MEA4/OSTR/workspace_OSTR/projet_OSTR/cmsis/core" -I"P:/MEA4/OSTR/workspace_OSTR/projet_OSTR/cmsis/device/inc" -I"P:/MEA4/OSTR/workspace_OSTR/projet_OSTR/FreeRTOS/include" -I"P:/MEA4/OSTR/workspace_OSTR/projet_OSTR/TraceRecorder/config" -I"P:/MEA4/OSTR/workspace_OSTR/projet_OSTR/FreeRTOS/portable/GCC/ARM_CM0" -I"P:/MEA4/OSTR/workspace_OSTR/projet_OSTR/TraceRecorder/streamports/Jlink_RTT/include" -I"P:/MEA4/OSTR/workspace_OSTR/projet_OSTR/TraceRecorder/include" -O0 -ffunction-sections -fdata-sections -Wall -fstack-usage -MMD -MP -MF"FreeRTOS/timers.d" -MT"FreeRTOS/timers.o" --specs=nano.specs -mfloat-abi=soft -mthumb -o "FreeRTOS/timers.o"
arm-none-eabi-gcc -o "projet_OSTR.elf" @"objects.list"   -mcpu=cortex-m0 -T"P:\MEA4\OSTR\workspace_OSTR\projet_OSTR\STM32F072RBTx_FLASH.ld" --specs=nosys.specs -Wl,-Map="projet_OSTR.map" -Wl,--gc-sections -static --specs=nano.specs -mfloat-abi=soft -mthumb -Wl,--start-group -lc -lm -Wl,--end-group
Finished building target: projet_OSTR.elf
 
arm-none-eabi-size   projet_OSTR.elf 
   text	   data	    bss	    dec	    hex	filename
  28184	     32	  15352	  43568	   aa30	projet_OSTR.elf
Finished building: default.size.stdout
 
19:36:34 **** Incremental Build of configuration Debug for project projet_OSTR ****
make all 
arm-none-eabi-gcc "../bsp/src/bsp.c" -mcpu=cortex-m0 -std=gnu11 -g3 -DSTM32F072xB -c -I"P:/MEA4/OSTR/workspace_OSTR/projet_OSTR/app/inc" -I"P:/MEA4/OSTR/workspace_OSTR/projet_OSTR/bsp/inc" -I"P:/MEA4/OSTR/workspace_OSTR/projet_OSTR/cmsis/core" -I"P:/MEA4/OSTR/workspace_OSTR/projet_OSTR/cmsis/device/inc" -I"P:/MEA4/OSTR/workspace_OSTR/projet_OSTR/FreeRTOS/include" -I"P:/MEA4/OSTR/workspace_OSTR/projet_OSTR/TraceRecorder/config" -I"P:/MEA4/OSTR/workspace_OSTR/projet_OSTR/FreeRTOS/portable/GCC/ARM_CM0" -I"P:/MEA4/OSTR/workspace_OSTR/projet_OSTR/TraceRecorder/streamports/Jlink_RTT/include" -I"P:/MEA4/OSTR/workspace_OSTR/projet_OSTR/TraceRecorder/include" -O0 -ffunction-sections -fdata-sections -Wall -fstack-usage -MMD -MP -MF"bsp/src/bsp.d" -MT"bsp/src/bsp.o" --specs=nano.specs -mfloat-abi=soft -mthumb -o "bsp/src/bsp.o"
arm-none-eabi-gcc "../app/src/main.c" -mcpu=cortex-m0 -std=gnu11 -g3 -DSTM32F072xB -c -I"P:/MEA4/OSTR/workspace_OSTR/projet_OSTR/app/inc" -I"P:/MEA4/OSTR/workspace_OSTR/projet_OSTR/bsp/inc" -I"P:/MEA4/OSTR/workspace_OSTR/projet_OSTR/cmsis/core" -I"P:/MEA4/OSTR/workspace_OSTR/projet_OSTR/cmsis/device/inc" -I"P:/MEA4/OSTR/workspace_OSTR/projet_OSTR/FreeRTOS/include" -I"P:/MEA4/OSTR/workspace_OSTR/projet_OSTR/TraceRecorder/config" -I"P:/MEA4/OSTR/workspace_OSTR/projet_OSTR/FreeRTOS/portable/GCC/ARM_CM0" -I"P:/MEA4/OSTR/workspace_OSTR/projet_OSTR/TraceRecorder/streamports/Jlink_RTT/include" -I"P:/MEA4/OSTR/workspace_OSTR/projet_OSTR/TraceRecorder/include" -O0 -ffunction-sections -fdata-sections -Wall -fstack-usage -MMD -MP -MF"app/src/main.d" -MT"app/src/main.o" --specs=nano.specs -mfloat-abi=soft -mthumb -o "app/src/main.o"
arm-none-eabi-gcc -o "projet_OSTR.elf" @"objects.list"   -mcpu=cortex-m0 -T"P:\MEA4\OSTR\workspace_OSTR\projet_OSTR\STM32F072RBTx_FLASH.ld" --specs=nosys.specs -Wl,-Map="projet_OSTR.map" -Wl,--gc-sections -static --specs=nano.specs -mfloat-abi=soft -mthumb -Wl,--start-group -lc -lm -Wl,--end-group
Finished building target: projet_OSTR.elf
 
arm-none-eabi-objdump -h -S  projet_OSTR.elf  > "projet_OSTR.list"
Finished building: projet_OSTR.list
 
arm-none-eabi-objcopy  -O binary  projet_OSTR.elf  "projet_OSTR.bin"
Finished building: projet_OSTR.bin
 
arm-none-eabi-size   projet_OSTR.elf 
   text	   data	    bss	    dec	    hex	filename
  28184	     32	  15352	  43568	   aa30	projet_OSTR.elf
Finished building: default.size.stdout
 
19:39:52 **** Incremental Build of configuration Debug for project projet_OSTR ****
make all 
arm-none-eabi-gcc "../bsp/src/bsp.c" -mcpu=cortex-m0 -std=gnu11 -g3 -DSTM32F072xB -c -I"P:/MEA4/OSTR/workspace_OSTR/projet_OSTR/app/inc" -I"P:/MEA4/OSTR/workspace_OSTR/projet_OSTR/bsp/inc" -I"P:/MEA4/OSTR/workspace_OSTR/projet_OSTR/cmsis/core" -I"P:/MEA4/OSTR/workspace_OSTR/projet_OSTR/cmsis/device/inc" -I"P:/MEA4/OSTR/workspace_OSTR/projet_OSTR/FreeRTOS/include" -I"P:/MEA4/OSTR/workspace_OSTR/projet_OSTR/TraceRecorder/config" -I"P:/MEA4/OSTR/workspace_OSTR/projet_OSTR/FreeRTOS/portable/GCC/ARM_CM0" -I"P:/MEA4/OSTR/workspace_OSTR/projet_OSTR/TraceRecorder/streamports/Jlink_RTT/include" -I"P:/MEA4/OSTR/workspace_OSTR/projet_OSTR/TraceRecorder/include" -O0 -ffunction-sections -fdata-sections -Wall -fstack-usage -MMD -MP -MF"bsp/src/bsp.d" -MT"bsp/src/bsp.o" --specs=nano.specs -mfloat-abi=soft -mthumb -o "bsp/src/bsp.o"
arm-none-eabi-gcc "../app/src/main.c" -mcpu=cortex-m0 -std=gnu11 -g3 -DSTM32F072xB -c -I"P:/MEA4/OSTR/workspace_OSTR/projet_OSTR/app/inc" -I"P:/MEA4/OSTR/workspace_OSTR/projet_OSTR/bsp/inc" -I"P:/MEA4/OSTR/workspace_OSTR/projet_OSTR/cmsis/core" -I"P:/MEA4/OSTR/workspace_OSTR/projet_OSTR/cmsis/device/inc" -I"P:/MEA4/OSTR/workspace_OSTR/projet_OSTR/FreeRTOS/include" -I"P:/MEA4/OSTR/workspace_OSTR/projet_OSTR/TraceRecorder/config" -I"P:/MEA4/OSTR/workspace_OSTR/projet_OSTR/FreeRTOS/portable/GCC/ARM_CM0" -I"P:/MEA4/OSTR/workspace_OSTR/projet_OSTR/TraceRecorder/streamports/Jlink_RTT/include" -I"P:/MEA4/OSTR/workspace_OSTR/projet_OSTR/TraceRecorder/include" -O0 -ffunction-sections -fdata-sections -Wall -fstack-usage -MMD -MP -MF"app/src/main.d" -MT"app/src/main.o" --specs=nano.specs -mfloat-abi=soft -mthumb -o "app/src/main.o"
arm-none-eabi-gcc -o "projet_OSTR.elf" @"objects.list"   -mcpu=cortex-m0 -T"P:\MEA4\OSTR\workspace_OSTR\projet_OSTR\STM32F072RBTx_FLASH.ld" --specs=nosys.specs -Wl,-Map="projet_OSTR.map" -Wl,--gc-sections -static --specs=nano.specs -mfloat-abi=soft -mthumb -Wl,--start-group -lc -lm -Wl,--end-group
Finished building target: projet_OSTR.elf
 
arm-none-eabi-objdump -h -S  projet_OSTR.elf  > "projet_OSTR.list"
Finished building: projet_OSTR.list
 
arm-none-eabi-objcopy  -O binary  projet_OSTR.elf  "projet_OSTR.bin"
Finished building: projet_OSTR.bin
 
arm-none-eabi-size   projet_OSTR.elf 
   text	   data	    bss	    dec	    hex	filename
  28184	     32	  15352	  43568	   aa30	projet_OSTR.elf
Finished building: default.size.stdout
 
